Component: ARM Compiler 5.05 update 1 (build 106) Tool: armlink [4d0efa]

==============================================================================

Section Cross References

    stm32f1xx_hal_msp.o(i.HAL_MspInit) refers to stm32f1xx_hal_cortex.o(i.HAL_NVIC_SetPriorityGrouping) for HAL_NVIC_SetPriorityGrouping
    stm32f1xx_hal_msp.o(i.HAL_MspInit) refers to stm32f1xx_hal_cortex.o(i.HAL_NVIC_SetPriority) for HAL_NVIC_SetPriority
    stm32f1xx_hal_msp.o(i.HAL_TIM_Base_MspDeInit) refers to stm32f1xx_hal_cortex.o(i.HAL_NVIC_DisableIRQ) for HAL_NVIC_DisableIRQ
    stm32f1xx_hal_msp.o(i.HAL_TIM_MspPostInit) refers to stm32f1xx_hal_gpio.o(i.HAL_GPIO_Init) for HAL_GPIO_Init
    stm32f1xx_hal_msp.o(i.HAL_UART_MspDeInit) refers to stm32f1xx_hal_gpio.o(i.HAL_GPIO_DeInit) for HAL_GPIO_DeInit
    stm32f1xx_hal_msp.o(i.HAL_UART_MspDeInit) refers to stm32f1xx_hal_cortex.o(i.HAL_NVIC_DisableIRQ) for HAL_NVIC_DisableIRQ
    stm32f1xx_hal_msp.o(i.HAL_UART_MspInit) refers to stm32f1xx_hal_gpio.o(i.HAL_GPIO_Init) for HAL_GPIO_Init
    main.o(i.MX_GPIO_Init) refers to stm32f1xx_hal_gpio.o(i.HAL_GPIO_Init) for HAL_GPIO_Init
    main.o(i.MX_TIM2_Init) refers to stm32f1xx_hal_tim.o(i.HAL_TIM_Base_Init) for HAL_TIM_Base_Init
    main.o(i.MX_TIM2_Init) refers to stm32f1xx_hal_tim.o(i.HAL_TIM_ConfigClockSource) for HAL_TIM_ConfigClockSource
    main.o(i.MX_TIM2_Init) refers to stm32f1xx_hal_tim_ex.o(i.HAL_TIMEx_MasterConfigSynchronization) for HAL_TIMEx_MasterConfigSynchronization
    main.o(i.MX_TIM2_Init) refers to main.o(.bss) for .bss
    main.o(i.MX_TIM3_Init) refers to stm32f1xx_hal_tim.o(i.HAL_TIM_PWM_Init) for HAL_TIM_PWM_Init
    main.o(i.MX_TIM3_Init) refers to stm32f1xx_hal_tim_ex.o(i.HAL_TIMEx_MasterConfigSynchronization) for HAL_TIMEx_MasterConfigSynchronization
    main.o(i.MX_TIM3_Init) refers to stm32f1xx_hal_tim.o(i.HAL_TIM_PWM_ConfigChannel) for HAL_TIM_PWM_ConfigChannel
    main.o(i.MX_TIM3_Init) refers to stm32f1xx_hal_msp.o(i.HAL_TIM_MspPostInit) for HAL_TIM_MspPostInit
    main.o(i.MX_TIM3_Init) refers to main.o(.bss) for .bss
    main.o(i.SystemClock_Config) refers to stm32f1xx_hal_rcc.o(i.HAL_RCC_OscConfig) for HAL_RCC_OscConfig
    main.o(i.SystemClock_Config) refers to stm32f1xx_hal_rcc.o(i.HAL_RCC_ClockConfig) for HAL_RCC_ClockConfig
    main.o(i.SystemClock_Config) refers to stm32f1xx_hal_rcc.o(i.HAL_RCC_GetHCLKFreq) for HAL_RCC_GetHCLKFreq
    main.o(i.SystemClock_Config) refers to stm32f1xx_hal_cortex.o(i.HAL_SYSTICK_Config) for HAL_SYSTICK_Config
    main.o(i.SystemClock_Config) refers to stm32f1xx_hal_cortex.o(i.HAL_SYSTICK_CLKSourceConfig) for HAL_SYSTICK_CLKSourceConfig
    main.o(i.SystemClock_Config) refers to stm32f1xx_hal_cortex.o(i.HAL_NVIC_SetPriority) for HAL_NVIC_SetPriority
    main.o(i.key1LongPress) refers to printf8.o(i.__0printf$8) for __2printf
    main.o(i.key1LongPress) refers to gizwits_protocol.o(i.gizwitsSetMode) for gizwitsSetMode
    main.o(i.key1ShortPress) refers to printf8.o(i.__0printf$8) for __2printf
    main.o(i.key1ShortPress) refers to gizwits_protocol.o(i.gizwitsSetMode) for gizwitsSetMode
    main.o(i.key2LongPress) refers to printf8.o(i.__0printf$8) for __2printf
    main.o(i.key2LongPress) refers to hal_led.o(i.LED_OFF) for LED_OFF
    main.o(i.key2LongPress) refers to hal_led.o(i.LED_ON) for LED_ON
    main.o(i.key2LongPress) refers to gizwits_protocol.o(i.gizwitsSetMode) for gizwitsSetMode
    main.o(i.key2ShortPress) refers to printf8.o(i.__0printf$8) for __2printf
    main.o(i.key2ShortPress) refers to hal_led.o(i.LED_ON) for LED_ON
    main.o(i.key2ShortPress) refers to hal_led.o(i.LED_OFF) for LED_OFF
    main.o(i.key2ShortPress) refers to gizwits_protocol.o(i.gizwitsSetMode) for gizwitsSetMode
    main.o(i.keyInit) refers to hal_key.o(i.keyInitOne) for keyInitOne
    main.o(i.keyInit) refers to memcpya.o(.text) for __aeabi_memcpy4
    main.o(i.keyInit) refers to hal_key.o(i.keyParaInit) for keyParaInit
    main.o(i.keyInit) refers to main.o(i.key1LongPress) for key1LongPress
    main.o(i.keyInit) refers to main.o(i.key1ShortPress) for key1ShortPress
    main.o(i.keyInit) refers to main.o(.bss) for .bss
    main.o(i.keyInit) refers to main.o(i.key2LongPress) for key2LongPress
    main.o(i.keyInit) refers to main.o(i.key2ShortPress) for key2ShortPress
    main.o(i.keyInit) refers to main.o(.data) for .data
    main.o(i.main) refers to stm32f1xx_hal.o(i.HAL_Init) for HAL_Init
    main.o(i.main) refers to main.o(i.SystemClock_Config) for SystemClock_Config
    main.o(i.main) refers to main.o(i.MX_GPIO_Init) for MX_GPIO_Init
    main.o(i.main) refers to main.o(i.MX_TIM2_Init) for MX_TIM2_Init
    main.o(i.main) refers to main.o(i.MX_TIM3_Init) for MX_TIM3_Init
    main.o(i.main) refers to stm32f1xx_hal_uart.o(i.HAL_UART_Init) for HAL_UART_Init
    main.o(i.main) refers to stm32f1xx_hal_cortex.o(i.HAL_NVIC_SetPriority) for HAL_NVIC_SetPriority
    main.o(i.main) refers to stm32f1xx_hal_cortex.o(i.HAL_NVIC_EnableIRQ) for HAL_NVIC_EnableIRQ
[...]
    ..\Drivers\STM32F1xx_HAL_Driver\Src\stm32f1xx_hal_rcc_ex.c 0x00000000   Number         0  stm32f1xx_hal_rcc_ex.o ABSOLUTE
    ..\Drivers\STM32F1xx_HAL_Driver\Src\stm32f1xx_hal_tim.c 0x00000000   Number         0  stm32f1xx_hal_tim.o ABSOLUTE
    ..\Drivers\STM32F1xx_HAL_Driver\Src\stm32f1xx_hal_tim_ex.c 0x00000000   Number         0  stm32f1xx_hal_tim_ex.o ABSOLUTE
    ..\Drivers\STM32F1xx_HAL_Driver\Src\stm32f1xx_hal_uart.c 0x00000000   Number         0  stm32f1xx_hal_uart.o ABSOLUTE
    ..\Gizwits\gizwits_product.c             0x00000000   Number         0  gizwits_product.o ABSOLUTE
    ..\Gizwits\gizwits_protocol.c            0x00000000   Number         0  gizwits_protocol.o ABSOLUTE
    ..\Hal\Hal_led.c                         0x00000000   Number         0  hal_led.o ABSOLUTE
    ..\Hal\adc.c                             0x00000000   Number         0  adc.o ABSOLUTE
    ..\Hal\delay.c                           0x00000000   Number         0  delay.o ABSOLUTE
    ..\Hal\hal_infrared.c                    0x00000000   Number         0  hal_infrared.o ABSOLUTE
    ..\Hal\hal_key.c                         0x00000000   Number         0  hal_key.o ABSOLUTE
    ..\Hal\hal_motor.c                       0x00000000   Number         0  hal_motor.o ABSOLUTE
    ..\Hal\hal_rgb_led.c                     0x00000000   Number         0  hal_rgb_led.o ABSOLUTE
    ..\Hal\hal_temp_hum.c                    0x00000000   Number         0  hal_temp_hum.o ABSOLUTE
    ..\Src\main.c                            0x00000000   Number         0  main.o ABSOLUTE
    ..\Src\stm32f1xx_hal_msp.c               0x00000000   Number         0  stm32f1xx_hal_msp.o ABSOLUTE
    ..\Src\stm32f1xx_it.c                    0x00000000   Number         0  stm32f1xx_it.o ABSOLUTE
    ..\Src\system_stm32f1xx.c                0x00000000   Number         0  system_stm32f1xx.o ABSOLUTE
    ..\Utils\common.c                        0x00000000   Number         0  common.o ABSOLUTE
    ..\Utils\dataPointTools.c                0x00000000   Number         0  datapointtools.o ABSOLUTE
    ..\Utils\ringbuffer.c                    0x00000000   Number         0  ringbuffer.o ABSOLUTE
    ..\\Drivers\\STM32F1xx_HAL_Driver\\Src\\stm32f1xx_hal_adc.c 0x00000000   Number         0  stm32f1xx_hal_adc.o ABSOLUTE
    ..\\Drivers\\STM32F1xx_HAL_Driver\\Src\\stm32f1xx_hal_adc_ex.c 0x00000000   Number         0  stm32f1xx_hal_adc_ex.o ABSOLUTE
    ..\\Gizwits\\gizwits_product.c           0x00000000   Number         0  gizwits_product.o ABSOLUTE
    ..\\Gizwits\\gizwits_protocol.c          0x00000000   Number         0  gizwits_protocol.o ABSOLUTE
    ..\\Hal\\Hal_led.c                       0x00000000   Number         0  hal_led.o ABSOLUTE
    ..\\Hal\\adc.c                           0x00000000   Number         0  adc.o ABSOLUTE
    ..\\Hal\\delay.c                         0x00000000   Number         0  delay.o ABSOLUTE
    ..\\Hal\\hal_infrared.c                  0x00000000   Number         0  hal_infrared.o ABSOLUTE
    ..\\Hal\\hal_key.c                       0x00000000   Number         0  hal_key.o ABSOLUTE
    ..\\Hal\\hal_motor.c                     0x00000000   Number         0  hal_motor.o ABSOLUTE
    ..\\Hal\\hal_rgb_led.c                   0x00000000   Number         0  hal_rgb_led.o ABSOLUTE
    ..\\Hal\\hal_temp_hum.c                  0x00000000   Number         0  hal_temp_hum.o ABSOLUTE
    cdrcmple.s                               0x00000000   Number         0  cdrcmple.o ABSOLUTE
    dc.s                                     0x00000000   Number         0  dc.o ABSOLUTE
    handlers.s                               0x00000000   Number         0  handlers.o ABSOLUTE
    init.s                                   0x00000000   Number         0  init.o ABSOLUTE
    startup_stm32f103xb.s                    0x00000000   Number         0  startup_stm32f103xb.o ABSOLUTE
    RESET                                    0x08000000   Section      236  startup_stm32f103xb.o(RESET)
    .ARM.Collect$$$$00000000                 0x080000ec   Section        0  entry.o(.ARM.Collect$$$$00000000)
    .ARM.Collect$$$$00000001                 0x080000ec   Section        4  entry2.o(.ARM.Collect$$$$00000001)
    .ARM.Collect$$$$00000004                 0x080000f0   Section        4  entry5.o(.ARM.Collect$$$$00000004)
    .ARM.Collect$$$$00000008                 0x080000f4   Section        0  entry7b.o(.ARM.Collect$$$$00000008)
    .ARM.Collect$$$$0000000A                 0x080000f4   Section        0  entry8b.o(.ARM.Collect$$$$0000000A)
    .ARM.Collect$$$$0000000B                 0x080000f4   Section        8  entry9a.o(.ARM.Collect$$$$0000000B)
    .ARM.Collect$$$$0000000D                 0x080000fc   Section        0  entry10a.o(.ARM.Collect$$$$0000000D)
    .ARM.Collect$$$$0000000F                 0x080000fc   Section        0  entry11a.o(.ARM.Collect$$$$0000000F)
    .ARM.Collect$$$$00002712                 0x080000fc   Section        4  entry2.o(.ARM.Collect$$$$00002712)
    __lit__00000000                          0x080000fc   Data           4  entry2.o(.ARM.Collect$$$$00002712)
    .text                                    0x08000100   Section       36  startup_stm32f103xb.o(.text)
    .text                                    0x08000124   Section        0  llushr.o(.text)
    .text                                    0x08000144   Section        0  memcpya.o(.text)
    .text                                    0x08000168   Section        0  memseta.o(.text)
    .text                                    0x0800018c   Section        0  uldiv.o(.text)
    .text                                    0x080001f0   Section       36  init.o(.text)
    .text                                    0x08000214   Section        0  llshl.o(.text)
    i.ADC_ConversionStop_Disable             0x08000234   Section        0  stm32f1xx_hal_adc.o(i.ADC_ConversionStop_Disable)
    i.ADC_Enable                             0x08000280   Section        0  stm32f1xx_hal_adc.o(i.ADC_Enable)
    i.BusFault_Handler                       0x080002f0   Section        0  stm32f1xx_it.o(i.BusFault_Handler)
    i.DHT11_IO_IN                            0x080002f4   Section        0  hal_temp_hum.o(i.DHT11_IO_IN)
    i.DHT11_IO_OUT                           0x08000314   Section        0  hal_temp_hum.o(i.DHT11_IO_OUT)
    i.DebugMon_Handler                       0x08000330   Section        0  stm32f1xx_it.o(i.DebugMon_Handler)
    i.Get_Adc                                0x08000334   Section        0  adc.o(i.Get_Adc)
    i.Get_Adc_Average                        0x08000364   Section        0  adc.o(i.Get_Adc_Average)
    i.HAL_ADCEx_Calibration_Start            0x08000394   Section        0  stm32f1xx_hal_adc_ex.o(i.HAL_ADCEx_Calibration_Start)
    i.HAL_ADC_ConfigChannel                  0x0800045c   Section        0  stm32f1xx_hal_adc.o(i.HAL_ADC_ConfigChannel)
    i.HAL_ADC_GetValue                       0x08000558   Section        0  stm32f1xx_hal_adc.o(i.HAL_ADC_GetValue)
    i.HAL_ADC_Init                           0x08000560   Section        0  stm32f1xx_hal_adc.o(i.HAL_ADC_Init)
    i.HAL_ADC_MspInit                        0x0800067c   Section        0  adc.o(i.HAL_ADC_MspInit)
    i.HAL_ADC_PollForConversion              0x080006c4   Section        0  stm32f1xx_hal_adc.o(i.HAL_ADC_PollForConversion)
    i.HAL_ADC_Start                          0x080007f4   Section        0  stm32f1xx_hal_adc.o(i.HAL_ADC_Start)
    i.HAL_DMA_Abort_IT                       0x080008b4   Section        0  stm32f1xx_hal_dma.o(i.HAL_DMA_Abort_IT)
    i.HAL_GPIO_Init                          0x0800094c   Section        0  stm32f1xx_hal_gpio.o(i.HAL_GPIO_Init)
    i.HAL_GPIO_ReadPin                       0x08000b08   Section        0  stm32f1xx_hal_gpio.o(i.HAL_GPIO_ReadPin)
    i.HAL_GPIO_TogglePin                     0x08000b12   Section        0  stm32f1xx_hal_gpio.o(i.HAL_GPIO_TogglePin)
    i.HAL_GPIO_WritePin                      0x08000b1a   Section        0  stm32f1xx_hal_gpio.o(i.HAL_GPIO_WritePin)
    i.HAL_GetTick                            0x08000b24   Section        0  stm32f1xx_hal.o(i.HAL_GetTick)
    i.HAL_IncTick                            0x08000b30   Section        0  stm32f1xx_hal.o(i.HAL_IncTick)
    i.HAL_Init                               0x08000b40   Section        0  stm32f1xx_hal.o(i.HAL_Init)
    i.HAL_InitTick                           0x08000b64   Section        0  stm32f1xx_hal.o(i.HAL_InitTick)
    i.HAL_MspInit                            0x08000b8c   Section        0  stm32f1xx_hal_msp.o(i.HAL_MspInit)
    i.HAL_NVIC_EnableIRQ                     0x08000c10   Section        0  stm32f1xx_hal_cortex.o(i.HAL_NVIC_EnableIRQ)
    i.HAL_NVIC_SetPriority                   0x08000c28   Section        0  stm32f1xx_hal_cortex.o(i.HAL_NVIC_SetPriority)
    i.HAL_NVIC_SetPriorityGrouping           0x08000c68   Section        0  stm32f1xx_hal_cortex.o(i.HAL_NVIC_SetPriorityGrouping)
    i.HAL_NVIC_SystemReset                   0x08000c8c   Section        0  stm32f1xx_hal_cortex.o(i.HAL_NVIC_SystemReset)
    i.HAL_RCCEx_GetPeriphCLKFreq             0x08000cb0   Section        0  stm32f1xx_hal_rcc_ex.o(i.HAL_RCCEx_GetPeriphCLKFreq)
    i.HAL_RCCEx_PeriphCLKConfig              0x08000d78   Section        0  stm32f1xx_hal_rcc_ex.o(i.HAL_RCCEx_PeriphCLKConfig)
    i.HAL_RCC_ClockConfig                    0x08000e64   Section        0  stm32f1xx_hal_rcc.o(i.HAL_RCC_ClockConfig)
    i.HAL_RCC_GetHCLKFreq                    0x08000fb8   Section        0  stm32f1xx_hal_rcc.o(i.HAL_RCC_GetHCLKFreq)
    i.HAL_RCC_GetPCLK1Freq                   0x08000fc4   Section        0  stm32f1xx_hal_rcc.o(i.HAL_RCC_GetPCLK1Freq)
    i.HAL_RCC_GetPCLK2Freq                   0x08000fe4   Section        0  stm32f1xx_hal_rcc.o(i.HAL_RCC_GetPCLK2Freq)
    i.HAL_RCC_GetSysClockFreq                0x08001004   Section        0  stm32f1xx_hal_rcc.o(i.HAL_RCC_GetSysClockFreq)
    i.HAL_RCC_OscConfig                      0x08001070   Section        0  stm32f1xx_hal_rcc.o(i.HAL_RCC_OscConfig)
    i.HAL_SYSTICK_CLKSourceConfig            0x08001374   Section        0  stm32f1xx_hal_cortex.o(i.HAL_SYSTICK_CLKSourceConfig)
    i.HAL_SYSTICK_Callback                   0x0800138c   Section        0  stm32f1xx_hal_cortex.o(i.HAL_SYSTICK_Callback)
    i.HAL_SYSTICK_Config                     0x0800138e   Section        0  stm32f1xx_hal_cortex.o(i.HAL_SYSTICK_Config)
    i.HAL_SYSTICK_IRQHandler                 0x080013b6   Section        0  stm32f1xx_hal_cortex.o(i.HAL_SYSTICK_IRQHandler)
    i.HAL_TIMEx_BreakCallback                0x080013be   Section        0  stm32f1xx_hal_tim_ex.o(i.HAL_TIMEx_BreakCallback)
    i.HAL_TIMEx_CommutationCallback          0x080013c0   Section        0  stm32f1xx_hal_tim_ex.o(i.HAL_TIMEx_CommutationCallback)
    i.HAL_TIMEx_MasterConfigSynchronization  0x080013c2   Section        0  stm32f1xx_hal_tim_ex.o(i.HAL_TIMEx_MasterConfigSynchronization)
    i.HAL_TIM_Base_Init                      0x08001412   Section        0  stm32f1xx_hal_tim.o(i.HAL_TIM_Base_Init)
    i.HAL_TIM_Base_MspInit                   0x08001448   Section        0  stm32f1xx_hal_msp.o(i.HAL_TIM_Base_MspInit)
    i.HAL_TIM_Base_Start_IT                  0x0800146c   Section        0  stm32f1xx_hal_tim.o(i.HAL_TIM_Base_Start_IT)
    i.HAL_TIM_ConfigClockSource              0x08001484   Section        0  stm32f1xx_hal_tim.o(i.HAL_TIM_ConfigClockSource)
    i.HAL_TIM_IC_CaptureCallback             0x08001576   Section        0  stm32f1xx_hal_tim.o(i.HAL_TIM_IC_CaptureCallback)
    i.HAL_TIM_IRQHandler                     0x08001578   Section        0  stm32f1xx_hal_tim.o(i.HAL_TIM_IRQHandler)
    i.HAL_TIM_MspPostInit                    0x080016e0   Section        0  stm32f1xx_hal_msp.o(i.HAL_TIM_MspPostInit)
    i.HAL_TIM_OC_DelayElapsedCallback        0x0800171c   Section        0  stm32f1xx_hal_tim.o(i.HAL_TIM_OC_DelayElapsedCallback)
    i.HAL_TIM_PWM_ConfigChannel              0x0800171e   Section        0  stm32f1xx_hal_tim.o(i.HAL_TIM_PWM_ConfigChannel)
    i.HAL_TIM_PWM_Init                       0x080017ee   Section        0  stm32f1xx_hal_tim.o(i.HAL_TIM_PWM_Init)
    i.HAL_TIM_PWM_MspInit                    0x08001824   Section        0  stm32f1xx_hal_msp.o(i.HAL_TIM_PWM_MspInit)
    i.HAL_TIM_PWM_PulseFinishedCallback      0x0800184c   Section        0  stm32f1xx_hal_tim.o(i.HAL_TIM_PWM_PulseFinishedCallback)
    i.HAL_TIM_PWM_Start                      0x08001850   Section        0  stm32f1xx_hal_tim.o(i.HAL_TIM_PWM_Start)
    i.HAL_TIM_PeriodElapsedCallback          0x08001880   Section        0  gizwits_product.o(i.HAL_TIM_PeriodElapsedCallback)
    i.HAL_TIM_TriggerCallback                0x080018a0   Section        0  stm32f1xx_hal_tim.o(i.HAL_TIM_TriggerCallback)
    i.HAL_UART_ErrorCallback                 0x080018a2   Section        0  stm32f1xx_hal_uart.o(i.HAL_UART_ErrorCallback)
    i.HAL_UART_IRQHandler                    0x080018a4   Section        0  stm32f1xx_hal_uart.o(i.HAL_UART_IRQHandler)
    i.HAL_UART_Init                          0x080019b4   Section        0  stm32f1xx_hal_uart.o(i.HAL_UART_Init)
    i.HAL_UART_MspInit                       0x08001a18   Section        0  stm32f1xx_hal_msp.o(i.HAL_UART_MspInit)
    i.HAL_UART_Receive_IT                    0x08001a9c   Section        0  stm32f1xx_hal_uart.o(i.HAL_UART_Receive_IT)
    i.HAL_UART_RxCpltCallback                0x08001af0   Section        0  gizwits_product.o(i.HAL_UART_RxCpltCallback)
    i.HAL_UART_Transmit                      0x08001b20   Section        0  stm32f1xx_hal_uart.o(i.HAL_UART_Transmit)
    i.HAL_UART_Transmit_IT                   0x08001bda   Section        0  stm32f1xx_hal_uart.o(i.HAL_UART_Transmit_IT)
    i.HAL_UART_TxCpltCallback                0x08001c18   Section        0  stm32f1xx_hal_uart.o(i.HAL_UART_TxCpltCallback)
    i.HardFault_Handler                      0x08001c1a   Section        0  stm32f1xx_it.o(i.HardFault_Handler)
    i.LED_GPIO_Init                          0x08001c1c   Section        0  hal_led.o(i.LED_GPIO_Init)
    i.LED_OFF                                0x08001c70   Section        0  hal_led.o(i.LED_OFF)
    i.LED_ON                                 0x08001ca8   Section        0  hal_led.o(i.LED_ON)
    i.MX_GPIO_Init                           0x08001cdc   Section        0  main.o(i.MX_GPIO_Init)
    MX_GPIO_Init                             0x08001cdd   Thumb Code   106  main.o(i.MX_GPIO_Init)
    i.MX_TIM2_Init                           0x08001d54   Section        0  main.o(i.MX_TIM2_Init)
    MX_TIM2_Init                             0x08001d55   Thumb Code    78  main.o(i.MX_TIM2_Init)
    i.MX_TIM3_Init                           0x08001da8   Section        0  main.o(i.MX_TIM3_Init)
    MX_TIM3_Init                             0x08001da9   Thumb Code   106  main.o(i.MX_TIM3_Init)
    i.MY_ADC_Init                            0x08001e1c   Section        0  adc.o(i.MY_ADC_Init)
    i.MemManage_Handler                      0x08001e5c   Section        0  stm32f1xx_it.o(i.MemManage_Handler)
    i.NMI_Handler                            0x08001e5e   Section        0  stm32f1xx_it.o(i.NMI_Handler)
    i.NVIC_SetPriority                       0x08001e60   Section        0  stm32f1xx_hal_cortex.o(i.NVIC_SetPriority)
    NVIC_SetPriority                         0x08001e61   Thumb Code    32  stm32f1xx_hal_cortex.o(i.NVIC_SetPriority)
    i.PendSV_Handler                         0x08001e80   Section        0  stm32f1xx_it.o(i.PendSV_Handler)
    i.SVC_Handler                            0x08001e82   Section        0  stm32f1xx_it.o(i.SVC_Handler)
    i.SysTick_Handler                        0x08001e84   Section        0  stm32f1xx_it.o(i.SysTick_Handler)
    i.SystemClock_Config                     0x08001e92   Section        0  main.o(i.SystemClock_Config)
    i.SystemInit                             0x08001efc   Section        0  system_stm32f1xx.o(i.SystemInit)
    i.TIM2_IRQHandler                        0x08001f44   Section        0  stm32f1xx_it.o(i.TIM2_IRQHandler)
    i.TIM_Base_SetConfig                     0x08001f50   Section        0  stm32f1xx_hal_tim.o(i.TIM_Base_SetConfig)
    i.TIM_CCxChannelCmd                      0x08001fbc   Section        0  stm32f1xx_hal_tim.o(i.TIM_CCxChannelCmd)
    i.TIM_ETR_SetConfig                      0x08001fd2   Section        0  stm32f1xx_hal_tim.o(i.TIM_ETR_SetConfig)
    TIM_ETR_SetConfig                        0x08001fd3   Thumb Code    20  stm32f1xx_hal_tim.o(i.TIM_ETR_SetConfig)
    i.TIM_ITRx_SetConfig                     0x08001fe6   Section        0  stm32f1xx_hal_tim.o(i.TIM_ITRx_SetConfig)
    TIM_ITRx_SetConfig                       0x08001fe7   Thumb Code    16  stm32f1xx_hal_tim.o(i.TIM_ITRx_SetConfig)
    i.TIM_OC1_SetConfig                      0x08001ff8   Section        0  stm32f1xx_hal_tim.o(i.TIM_OC1_SetConfig)
    TIM_OC1_SetConfig                        0x08001ff9   Thumb Code    74  stm32f1xx_hal_tim.o(i.TIM_OC1_SetConfig)
    i.TIM_OC2_SetConfig                      0x08002048   Section        0  stm32f1xx_hal_tim.o(i.TIM_OC2_SetConfig)
    i.TIM_OC3_SetConfig                      0x080020a0   Section        0  stm32f1xx_hal_tim.o(i.TIM_OC3_SetConfig)
    TIM_OC3_SetConfig                        0x080020a1   Thumb Code    82  stm32f1xx_hal_tim.o(i.TIM_OC3_SetConfig)
    i.TIM_OC4_SetConfig                      0x080020f8   Section        0  stm32f1xx_hal_tim.o(i.TIM_OC4_SetConfig)
    TIM_OC4_SetConfig                        0x080020f9   Thumb Code    64  stm32f1xx_hal_tim.o(i.TIM_OC4_SetConfig)
    i.TIM_TI1_ConfigInputStage               0x0800213c   Section        0  stm32f1xx_hal_tim.o(i.TIM_TI1_ConfigInputStage)
    TIM_TI1_ConfigInputStage                 0x0800213d   Thumb Code    34  stm32f1xx_hal_tim.o(i.TIM_TI1_ConfigInputStage)
    i.TIM_TI2_ConfigInputStage               0x0800215e   Section        0  stm32f1xx_hal_tim.o(i.TIM_TI2_ConfigInputStage)
    TIM_TI2_ConfigInputStage                 0x0800215f   Thumb Code    36  stm32f1xx_hal_tim.o(i.TIM_TI2_ConfigInputStage)
    i.UART_DMAAbortOnError                   0x08002182   Section        0  stm32f1xx_hal_uart.o(i.UART_DMAAbortOnError)
    UART_DMAAbortOnError                     0x08002183   Thumb Code    16  stm32f1xx_hal_uart.o(i.UART_DMAAbortOnError)
    i.UART_EndRxTransfer                     0x08002192   Section        0  stm32f1xx_hal_uart.o(i.UART_EndRxTransfer)
    UART_EndRxTransfer                       0x08002193   Thumb Code    28  stm32f1xx_hal_uart.o(i.UART_EndRxTransfer)
    i.UART_Receive_IT                        0x080021ae   Section        0  stm32f1xx_hal_uart.o(i.UART_Receive_IT)
    UART_Receive_IT                          0x080021af   Thumb Code   150  stm32f1xx_hal_uart.o(i.UART_Receive_IT)
    i.UART_SetConfig                         0x08002244   Section        0  stm32f1xx_hal_uart.o(i.UART_SetConfig)
    UART_SetConfig                           0x08002245   Thumb Code   364  stm32f1xx_hal_uart.o(i.UART_SetConfig)
    i.UART_Transmit_IT                       0x080023b4   Section        0  stm32f1xx_hal_uart.o(i.UART_Transmit_IT)
    UART_Transmit_IT                         0x080023b5   Thumb Code    98  stm32f1xx_hal_uart.o(i.UART_Transmit_IT)
    i.UART_WaitOnFlagUntilTimeout            0x08002416   Section        0  stm32f1xx_hal_uart.o(i.UART_WaitOnFlagUntilTimeout)
    UART_WaitOnFlagUntilTimeout              0x08002417   Thumb Code   100  stm32f1xx_hal_uart.o(i.UART_WaitOnFlagUntilTimeout)
    i.USART2_IRQHandler                      0x0800247c   Section        0  stm32f1xx_it.o(i.USART2_IRQHandler)
    i.UsageFault_Handler                     0x08002488   Section        0  stm32f1xx_it.o(i.UsageFault_Handler)
    i.__0printf$8                            0x0800248c   Section        0  printf8.o(i.__0printf$8)
    i.__scatterload_copy                     0x080024ac   Section       14  handlers.o(i.__scatterload_copy)
    i.__scatterload_null                     0x080024ba   Section        2  handlers.o(i.__scatterload_null)
    i.__scatterload_zeroinit                 0x080024bc   Section       14  handlers.o(i.__scatterload_zeroinit)
    i._printf_core                           0x080024cc   Section        0  printf8.o(i._printf_core)
    _printf_core                             0x080024cd   Thumb Code   996  printf8.o(i._printf_core)
    i._printf_post_padding                   0x080028dc   Section        0  printf8.o(i._printf_post_padding)
    _printf_post_padding                     0x080028dd   Thumb Code    36  printf8.o(i._printf_post_padding)
    i._printf_pre_padding                    0x08002900   Section        0  printf8.o(i._printf_pre_padding)
    _printf_pre_padding                      0x08002901   Thumb Code    46  printf8.o(i._printf_pre_padding)
    i.clkProduce                             0x08002930   Section        0  hal_rgb_led.o(i.clkProduce)
    i.datSend                                0x08002960   Section        0  hal_rgb_led.o(i.datSend)
    i.dataDealWithAndSend                    0x08002998   Section        0  hal_rgb_led.o(i.dataDealWithAndSend)
    i.delay_init                             0x080029d0   Section        0  delay.o(i.delay_init)
    i.delay_ms                               0x080029fc   Section        0  delay.o(i.delay_ms)
    i.delay_us                               0x08002a24   Section        0  delay.o(i.delay_us)
    i.dht11Check                             0x08002a4c   Section        0  hal_temp_hum.o(i.dht11Check)
    dht11Check                               0x08002a4d   Thumb Code    84  hal_temp_hum.o(i.dht11Check)
    i.dht11Init                              0x08002aa4   Section        0  hal_temp_hum.o(i.dht11Init)
    i.dht11Read                              0x08002ac0   Section        0  hal_temp_hum.o(i.dht11Read)
    i.dht11ReadByte                          0x08002bac   Section        0  hal_temp_hum.o(i.dht11ReadByte)
    dht11ReadByte                            0x08002bad   Thumb Code   102  hal_temp_hum.o(i.dht11ReadByte)
    i.dht11Rst                               0x08002c18   Section        0  hal_temp_hum.o(i.dht11Rst)
    dht11Rst                                 0x08002c19   Thumb Code    44  hal_temp_hum.o(i.dht11Rst)
    i.exchangeBytes                          0x08002c48   Section        0  common.o(i.exchangeBytes)
    i.exchangeWord                           0x08002c58   Section        0  common.o(i.exchangeWord)
    i.fputc                                  0x08002c5c   Section        0  gizwits_product.o(i.fputc)
    i.getKey                                 0x08002c74   Section        0  hal_key.o(i.getKey)
    i.gizCheckReport                         0x08002ccc   Section        0  gizwits_protocol.o(i.gizCheckReport)
    gizCheckReport                           0x08002ccd   Thumb Code   156  gizwits_protocol.o(i.gizCheckReport)
    i.gizDataPoints2ReportData               0x08002e04   Section        0  gizwits_protocol.o(i.gizDataPoints2ReportData)
    gizDataPoints2ReportData                 0x08002e05   Thumb Code    84  gizwits_protocol.o(i.gizDataPoints2ReportData)
    i.gizDevReportPolicy                     0x08002e88   Section        0  gizwits_protocol.o(i.gizDevReportPolicy)
    gizDevReportPolicy                       0x08002e89   Thumb Code   130  gizwits_protocol.o(i.gizDevReportPolicy)
    i.gizGetTimerCount                       0x08002f48   Section        0  gizwits_product.o(i.gizGetTimerCount)
    i.gizProtocolAckHandle                   0x08002f54   Section        0  gizwits_protocol.o(i.gizProtocolAckHandle)
    gizProtocolAckHandle                     0x08002f55   Thumb Code    80  gizwits_protocol.o(i.gizProtocolAckHandle)
    i.gizProtocolCommonAck                   0x08002fd0   Section        0  gizwits_protocol.o(i.gizProtocolCommonAck)
    gizProtocolCommonAck                     0x08002fd1   Thumb Code    80  gizwits_protocol.o(i.gizProtocolCommonAck)
    i.gizProtocolErrorCmd                    0x08003068   Section        0  gizwits_protocol.o(i.gizProtocolErrorCmd)
    gizProtocolErrorCmd                      0x08003069   Thumb Code    88  gizwits_protocol.o(i.gizProtocolErrorCmd)
    i.gizProtocolGetDeviceInfo               0x08003108   Section        0  gizwits_protocol.o(i.gizProtocolGetDeviceInfo)
    gizProtocolGetDeviceInfo                 0x08003109   Thumb Code   180  gizwits_protocol.o(i.gizProtocolGetDeviceInfo)
    i.gizProtocolGetOnePacket                0x08003280   Section        0  gizwits_protocol.o(i.gizProtocolGetOnePacket)
    gizProtocolGetOnePacket                  0x08003281   Thumb Code   298  gizwits_protocol.o(i.gizProtocolGetOnePacket)
    i.gizProtocolHeadInit                    0x080033e0   Section        0  gizwits_protocol.o(i.gizProtocolHeadInit)
    gizProtocolHeadInit                      0x080033e1   Thumb Code    32  gizwits_protocol.o(i.gizProtocolHeadInit)
    i.gizProtocolIssuedDataAck               0x0800342c   Section        0  gizwits_protocol.o(i.gizProtocolIssuedDataAck)
    gizProtocolIssuedDataAck                 0x0800342d   Thumb Code   198  gizwits_protocol.o(i.gizProtocolIssuedDataAck)
    i.gizProtocolIssuedProcess               0x0800354c   Section        0  gizwits_protocol.o(i.gizProtocolIssuedProcess)
    gizProtocolIssuedProcess                 0x0800354d   Thumb Code   240  gizwits_protocol.o(i.gizProtocolIssuedProcess)
    i.gizProtocolModuleStatus                0x0800369c   Section        0  gizwits_protocol.o(i.gizProtocolModuleStatus)
    gizProtocolModuleStatus                  0x0800369d   Thumb Code   574  gizwits_protocol.o(i.gizProtocolModuleStatus)
    i.gizProtocolNTP                         0x08003ab0   Section        0  gizwits_protocol.o(i.gizProtocolNTP)
    gizProtocolNTP                           0x08003ab1   Thumb Code    88  gizwits_protocol.o(i.gizProtocolNTP)
    i.gizProtocolResendData                  0x08003b20   Section        0  gizwits_protocol.o(i.gizProtocolResendData)
    gizProtocolResendData                    0x08003b21   Thumb Code    54  gizwits_protocol.o(i.gizProtocolResendData)
    i.gizProtocolSum                         0x08003b94   Section        0  common.o(i.gizProtocolSum)
    i.gizProtocolWaitAck                     0x08003bb8   Section        0  gizwits_protocol.o(i.gizProtocolWaitAck)
    gizProtocolWaitAck                       0x08003bb9   Thumb Code    66  gizwits_protocol.o(i.gizProtocolWaitAck)
    i.gizProtocolWaitAckCheck                0x08003c18   Section        0  gizwits_protocol.o(i.gizProtocolWaitAckCheck)
    gizProtocolWaitAckCheck                  0x08003c19   Thumb Code    42  gizwits_protocol.o(i.gizProtocolWaitAckCheck)
    i.gizPutData                             0x08003c60   Section        0  gizwits_protocol.o(i.gizPutData)
    i.gizReportData                          0x08003cc8   Section        0  gizwits_protocol.o(i.gizReportData)
    gizReportData                            0x08003cc9   Thumb Code   126  gizwits_protocol.o(i.gizReportData)
    i.gizTimerMs                             0x08003d90   Section        0  gizwits_product.o(i.gizTimerMs)
    i.gizX2Y                                 0x08003da0   Section        0  datapointtools.o(i.gizX2Y)
    i.gizY2X                                 0x08003da6   Section        0  datapointtools.o(i.gizY2X)
    i.gizwitsEventProcess                    0x08003db0   Section        0  gizwits_product.o(i.gizwitsEventProcess)
    i.gizwitsHandle                          0x08003eec   Section        0  gizwits_protocol.o(i.gizwitsHandle)
    i.gizwitsInit                            0x08004230   Section        0  gizwits_protocol.o(i.gizwitsInit)
    i.gizwitsSetMode                         0x08004290   Section        0  gizwits_protocol.o(i.gizwitsSetMode)
    i.infraredInit                           0x080043a8   Section        0  hal_infrared.o(i.infraredInit)
    i.key1LongPress                          0x080043c4   Section        0  main.o(i.key1LongPress)
    i.key1ShortPress                         0x080043f8   Section        0  main.o(i.key1ShortPress)
    i.key2LongPress                          0x0800442c   Section        0  main.o(i.key2LongPress)
    i.key2ShortPress                         0x0800446c   Section        0  main.o(i.key2ShortPress)
    i.keyHandle                              0x080044a8   Section        0  hal_key.o(i.keyHandle)
    i.keyInit                                0x08004528   Section        0  main.o(i.keyInit)
    i.keyInitOne                             0x080045a0   Section        0  hal_key.o(i.keyInitOne)
    i.keyParaInit                            0x080045e0   Section        0  hal_key.o(i.keyParaInit)
    i.main                                   0x080045f8   Section        0  main.o(i.main)
    i.mcuRestart                             0x080046ec   Section        0  gizwits_product.o(i.mcuRestart)
    i.motorControl                           0x080046f8   Section        0  hal_motor.o(i.motorControl)
    i.motorInit                              0x08004710   Section        0  hal_motor.o(i.motorInit)
    i.motorStatus                            0x0800473c   Section        0  hal_motor.o(i.motorStatus)
    i.rbCanRead                              0x08004776   Section        0  ringbuffer.o(i.rbCanRead)
    i.rbCanWrite                             0x080047a8   Section        0  ringbuffer.o(i.rbCanWrite)
    i.rbCapacity                             0x080047c4   Section        0  ringbuffer.o(i.rbCapacity)
    i.rbCreate                               0x080047d0   Section        0  ringbuffer.o(i.rbCreate)
    i.rbRead                                 0x080047e2   Section        0  ringbuffer.o(i.rbRead)
    i.rbWrite                                0x08004860   Section        0  ringbuffer.o(i.rbWrite)
    i.readKeyValue                           0x080048f0   Section        0  hal_key.o(i.readKeyValue)
    i.rgbLedInit                             0x08004978   Section        0  hal_rgb_led.o(i.rgbLedInit)
    i.send32Zero                             0x080049cc   Section        0  hal_rgb_led.o(i.send32Zero)
    i.takeAntiCode                           0x080049f0   Section        0  hal_rgb_led.o(i.takeAntiCode)
    i.timerInit                              0x080049f8   Section        0  gizwits_product.o(i.timerInit)
    i.uartInit                               0x08004a04   Section        0  gizwits_product.o(i.uartInit)
    i.uartWrite                              0x08004a18   Section        0  gizwits_product.o(i.uartWrite)
    i.userHandle                             0x08004ad0   Section        0  gizwits_product.o(i.userHandle)
    i.userInit                               0x08004b54   Section        0  gizwits_product.o(i.userInit)
    .constdata                               0x08004b74   Section       16  system_stm32f1xx.o(.constdata)
    .constdata                               0x08004b84   Section        8  system_stm32f1xx.o(.constdata)
    .data                                    0x20000000   Section        5  main.o(.data)
    .data                                    0x20000008   Section       12  gizwits_product.o(.data)
    thLastTimer                              0x2000000c   Data           4  gizwits_product.o(.data)
    timerMsCount                             0x20000010   Data           4  gizwits_product.o(.data)
    .data                                    0x20000014   Section       16  gizwits_protocol.o(.data)
    protocolFlag                             0x20000014   Data           1  gizwits_protocol.o(.data)
    lastData                                 0x20000015   Data           1  gizwits_protocol.o(.data)
    debugCount                               0x20000016   Data           1  gizwits_protocol.o(.data)
    protocolCount                            0x20000018   Data           2  gizwits_protocol.o(.data)
    lastStatus                               0x2000001a   Data           2  gizwits_protocol.o(.data)
    lastReportTime                           0x2000001c   Data           4  gizwits_protocol.o(.data)
    lastRepTime                              0x20000020   Data           4  gizwits_protocol.o(.data)
    .data                                    0x20000024   Section       10  hal_key.o(.data)
    keyTotolNum                              0x20000024   Data           1  hal_key.o(.data)
    keyCheck                                 0x20000025   Data           1  hal_key.o(.data)
    keyState                                 0x20000026   Data           1  hal_key.o(.data)
    key_total                                0x20000027   Data           1  hal_key.o(.data)
    keyLongCheck                             0x2000002a   Data           2  hal_key.o(.data)
    keyPrev                                  0x2000002c   Data           2  hal_key.o(.data)
    .data                                    0x2000002e   Section        4  delay.o(.data)
    fac_us                                   0x2000002e   Data           1  delay.o(.data)
    fac_ms                                   0x20000030   Data           2  delay.o(.data)
    .data                                    0x20000034   Section        4  stm32f1xx_hal.o(.data)
    .data                                    0x20000038   Section        4  system_stm32f1xx.o(.data)
    .data                                    0x2000003c   Section        4  stdout.o(.data)
    .bss                                     0x20000040   Section      298  main.o(.bss)
    .bss                                     0x2000016a   Section       16  gizwits_product.o(.bss)
    .bss                                     0x2000017a   Section      358  gizwits_protocol.o(.bss)
    rbBuf                                    0x200002ac   Data          52  gizwits_protocol.o(.bss)
    .bss                                     0x200002e0   Section       22  hal_temp_hum.o(.bss)
    .bss                                     0x200002f8   Section       48  adc.o(.bss)
    STACK                                    0x20000328   Section     8192  startup_stm32f103xb.o(STACK)

    Global Symbols

    Symbol Name                              Value     Ov Type        Size  Object(Section)

    BuildAttributes$$THM_ISAv4$P$D$K$B$S$PE$A:L22UL41UL21$X:L11$S22US41US21$IEEE1$IW$USESV6$~STKCKD$USESV7$~SHL$OTIME$ROPI$EBA8$MICROLIB$REQ8$PRES8$EABIv2 0x00000000   Number         0  anon$$obj.o ABSOLUTE
    __ARM_use_no_argv                        0x00000000   Number         0  main.o ABSOLUTE
    _printf_a                                0x00000000   Number         0  stubs.o ABSOLUTE
    _printf_c                                0x00000000   Number         0  stubs.o ABSOLUTE
    _printf_charcount                        0x00000000   Number         0  stubs.o ABSOLUTE
    _printf_d                                0x00000000   Number         0  stubs.o ABSOLUTE
    _printf_e                                0x00000000   Number         0  stubs.o ABSOLUTE
    _printf_f                                0x00000000   Number         0  stubs.o ABSOLUTE
    _printf_flags                            0x00000000   Number         0  stubs.o ABSOLUTE
    _printf_fp_dec                           0x00000000   Number         0  stubs.o ABSOLUTE
    _printf_fp_hex                           0x00000000   Number         0  stubs.o ABSOLUTE
    _printf_g                                0x00000000   Number         0  stubs.o ABSOLUTE
    _printf_i                                0x00000000   Number         0  stubs.o ABSOLUTE
    _printf_int_dec                          0x00000000   Number         0  stubs.o ABSOLUTE
    _printf_l                                0x00000000   Number         0  stubs.o ABSOLUTE
    _printf_lc                               0x00000000   Number         0  stubs.o ABSOLUTE
    _printf_ll                               0x00000000   Number         0  stubs.o ABSOLUTE
    _printf_lld                              0x00000000   Number         0  stubs.o ABSOLUTE
    _printf_lli                              0x00000000   Number         0  stubs.o ABSOLUTE
    _printf_llo                              0x00000000   Number         0  stubs.o ABSOLUTE
    _printf_llu                              0x00000000   Number         0  stubs.o ABSOLUTE
    _printf_llx                              0x00000000   Number         0  stubs.o ABSOLUTE
    _printf_longlong_dec                     0x00000000   Number         0  stubs.o ABSOLUTE
    _printf_longlong_hex                     0x00000000   Number         0  stubs.o ABSOLUTE
    _printf_longlong_oct                     0x00000000   Number         0  stubs.o ABSOLUTE
    _printf_ls                               0x00000000   Number         0  stubs.o ABSOLUTE
    _printf_mbtowc                           0x00000000   Number         0  stubs.o ABSOLUTE
    _printf_n                                0x00000000   Number         0  stubs.o ABSOLUTE
    _printf_o                                0x00000000   Number         0  stubs.o ABSOLUTE
    _printf_p                                0x00000000   Number         0  stubs.o ABSOLUTE
    _printf_percent                          0x00000000   Number         0  stubs.o ABSOLUTE
    _printf_pre_padding                      0x00000000   Number         0  stubs.o ABSOLUTE
    _printf_return_value                     0x00000000   Number         0  stubs.o ABSOLUTE
    _printf_s                                0x00000000   Number         0  stubs.o ABSOLUTE
    _printf_sizespec                         0x00000000   Number         0  stubs.o ABSOLUTE
    _printf_str                              0x00000000   Number         0  stubs.o ABSOLUTE
    _printf_truncate_signed                  0x00000000   Number         0  stubs.o ABSOLUTE
    _printf_truncate_unsigned                0x00000000   Number         0  stubs.o ABSOLUTE
    _printf_u                                0x00000000   Number         0  stubs.o ABSOLUTE
    _printf_wc                               0x00000000   Number         0  stubs.o ABSOLUTE
    _printf_wctomb                           0x00000000   Number         0  stubs.o ABSOLUTE
    _printf_widthprec                        0x00000000   Number         0  stubs.o ABSOLUTE
    _printf_x                                0x00000000   Number         0  stubs.o ABSOLUTE
    __cpp_initialize__aeabi_                  - Undefined Weak Reference
    __cxa_finalize                            - Undefined Weak Reference
    __decompress                              - Undefined Weak Reference
    _clock_init                               - Undefined Weak Reference
    _microlib_exit                            - Undefined Weak Reference
    __Vectors_Size                           0x000000ec   Number         0  startup_stm32f103xb.o ABSOLUTE
    __Vectors                                0x08000000   Data           4  startup_stm32f103xb.o(RESET)
    __Vectors_End                            0x080000ec   Data           0  startup_stm32f103xb.o(RESET)
    __main                                   0x080000ed   Thumb Code     0  entry.o(.ARM.Collect$$$$00000000)
    _main_stk                                0x080000ed   Thumb Code     0  entry2.o(.ARM.Collect$$$$00000001)
    _main_scatterload                        0x080000f1   Thumb Code     0  entry5.o(.ARM.Collect$$$$00000004)
    __main_after_scatterload                 0x080000f5   Thumb Code     0  entry5.o(.ARM.Collect$$$$00000004)
    _main_clock                              0x080000f5   Thumb Code     0  entry7b.o(.ARM.Collect$$$$00000008)
    _main_cpp_init                           0x080000f5   Thumb Code     0  entry8b.o(.ARM.Collect$$$$0000000A)
    _main_init                               0x080000f5   Thumb Code     0  entry9a.o(.ARM.Collect$$$$0000000B)
    __rt_final_cpp                           0x080000fd   Thumb Code     0  entry10a.o(.ARM.Collect$$$$0000000D)
    __rt_final_exit                          0x080000fd   Thumb Code     0  entry11a.o(.ARM.Collect$$$$0000000F)
    Reset_Handler                            0x08000101   Thumb Code     8  startup_stm32f103xb.o(.text)
    ADC1_2_IRQHandler                        0x0800011b   Thumb Code     0  startup_stm32f103xb.o(.text)
    CAN1_RX1_IRQHandler                      0x0800011b   Thumb Code     0  startup_stm32f103xb.o(.text)
    CAN1_SCE_IRQHandler                      0x0800011b   Thumb Code     0  startup_stm32f103xb.o(.text)
    DMA1_Channel1_IRQHandler                 0x0800011b   Thumb Code     0  startup_stm32f103xb.o(.text)
    DMA1_Channel2_IRQHandler                 0x0800011b   Thumb Code     0  startup_stm32f103xb.o(.text)
    DMA1_Channel3_IRQHandler                 0x0800011b   Thumb Code     0  startup_stm32f103xb.o(.text)
    DMA1_Channel4_IRQHandler                 0x0800011b   Thumb Code     0  startup_stm32f103xb.o(.text)
    DMA1_Channel5_IRQHandler                 0x0800011b   Thumb Code     0  startup_stm32f103xb.o(.text)
    DMA1_Channel6_IRQHandler                 0x0800011b   Thumb Code     0  startup_stm32f103xb.o(.text)
    DMA1_Channel7_IRQHandler                 0x0800011b   Thumb Code     0  startup_stm32f103xb.o(.text)
    EXTI0_IRQHandler                         0x0800011b   Thumb Code     0  startup_stm32f103xb.o(.text)
    EXTI15_10_IRQHandler                     0x0800011b   Thumb Code     0  startup_stm32f103xb.o(.text)
    EXTI1_IRQHandler                         0x0800011b   Thumb Code     0  startup_stm32f103xb.o(.text)
    EXTI2_IRQHandler                         0x0800011b   Thumb Code     0  startup_stm32f103xb.o(.text)
    EXTI3_IRQHandler                         0x0800011b   Thumb Code     0  startup_stm32f103xb.o(.text)
    EXTI4_IRQHandler                         0x0800011b   Thumb Code     0  startup_stm32f103xb.o(.text)
    EXTI9_5_IRQHandler                       0x0800011b   Thumb Code     0  startup_stm32f103xb.o(.text)
    FLASH_IRQHandler                         0x0800011b   Thumb Code     0  startup_stm32f103xb.o(.text)
    I2C1_ER_IRQHandler                       0x0800011b   Thumb Code     0  startup_stm32f103xb.o(.text)
    I2C1_EV_IRQHandler                       0x0800011b   Thumb Code     0  startup_stm32f103xb.o(.text)
    I2C2_ER_IRQHandler                       0x0800011b   Thumb Code     0  startup_stm32f103xb.o(.text)
    I2C2_EV_IRQHandler                       0x0800011b   Thumb Code     0  startup_stm32f103xb.o(.text)
    PVD_IRQHandler                           0x0800011b   Thumb Code     0  startup_stm32f103xb.o(.text)
    RCC_IRQHandler                           0x0800011b   Thumb Code     0  startup_stm32f103xb.o(.text)
    RTC_Alarm_IRQHandler                     0x0800011b   Thumb Code     0  startup_stm32f103xb.o(.text)
    RTC_IRQHandler                           0x0800011b   Thumb Code     0  startup_stm32f103xb.o(.text)
    SPI1_IRQHandler                          0x0800011b   Thumb Code     0  startup_stm32f103xb.o(.text)
    SPI2_IRQHandler                          0x0800011b   Thumb Code     0  startup_stm32f103xb.o(.text)
    TAMPER_IRQHandler                        0x0800011b   Thumb Code     0  startup_stm32f103xb.o(.text)
    TIM1_BRK_IRQHandler                      0x0800011b   Thumb Code     0  startup_stm32f103xb.o(.text)
    TIM1_CC_IRQHandler                       0x0800011b   Thumb Code     0  startup_stm32f103xb.o(.text)
    TIM1_TRG_COM_IRQHandler                  0x0800011b   Thumb Code     0  startup_stm32f103xb.o(.text)
    TIM1_UP_IRQHandler                       0x0800011b   Thumb Code     0  startup_stm32f103xb.o(.text)
    TIM3_IRQHandler                          0x0800011b   Thumb Code     0  startup_stm32f103xb.o(.text)
    TIM4_IRQHandler                          0x0800011b   Thumb Code     0  startup_stm32f103xb.o(.text)
    USART1_IRQHandler                        0x0800011b   Thumb Code     0  startup_stm32f103xb.o(.text)
    USART3_IRQHandler                        0x0800011b   Thumb Code     0  startup_stm32f103xb.o(.text)
    USBWakeUp_IRQHandler                     0x0800011b   Thumb Code     0  startup_stm32f103xb.o(.text)
    USB_HP_CAN1_TX_IRQHandler                0x0800011b   Thumb Code     0  startup_stm32f103xb.o(.text)
    USB_LP_CAN1_RX0_IRQHandler               0x0800011b   Thumb Code     0  startup_stm32f103xb.o(.text)
    WWDG_IRQHandler                          0x0800011b   Thumb Code     0  startup_stm32f103xb.o(.text)
    __aeabi_llsr                             0x08000125   Thumb Code    32  llushr.o(.text)
    _ll_ushift_r                             0x08000125   Thumb Code     0  llushr.o(.text)
    __aeabi_memcpy                           0x08000145   Thumb Code    36  memcpya.o(.text)
    __aeabi_memcpy4                          0x08000145   Thumb Code     0  memcpya.o(.text)
    __aeabi_memcpy8                          0x08000145   Thumb Code     0  memcpya.o(.text)
    __aeabi_memset                           0x08000169   Thumb Code    14  memseta.o(.text)
    __aeabi_memset4                          0x08000169   Thumb Code     0  memseta.o(.text)
    __aeabi_memset8                          0x08000169   Thumb Code     0  memseta.o(.text)
    __aeabi_memclr                           0x08000177   Thumb Code     4  memseta.o(.text)
    __aeabi_memclr4                          0x08000177   Thumb Code     0  memseta.o(.text)
    __aeabi_memclr8                          0x08000177   Thumb Code     0  memseta.o(.text)
    _memset$wrapper                          0x0800017b   Thumb Code    18  memseta.o(.text)
    __aeabi_uldivmod                         0x0800018d   Thumb Code    98  uldiv.o(.text)
    __scatterload                            0x080001f1   Thumb Code    28  init.o(.text)
    __scatterload_rt2                        0x080001f1   Thumb Code     0  init.o(.text)
    __aeabi_llsl                             0x08000215   Thumb Code    30  llshl.o(.text)
    _ll_shift_l                              0x08000215   Thumb Code     0  llshl.o(.text)
    ADC_ConversionStop_Disable               0x08000235   Thumb Code    76  stm32f1xx_hal_adc.o(i.ADC_ConversionStop_Disable)
    ADC_Enable                               0x08000281   Thumb Code   104  stm32f1xx_hal_adc.o(i.ADC_Enable)
    BusFault_Handler                         0x080002f1   Thumb Code     2  stm32f1xx_it.o(i.BusFault_Handler)
    DHT11_IO_IN                              0x080002f5   Thumb Code    28  hal_temp_hum.o(i.DHT11_IO_IN)
    DHT11_IO_OUT                             0x08000315   Thumb Code    24  hal_temp_hum.o(i.DHT11_IO_OUT)
    DebugMon_Handler                         0x08000331   Thumb Code     2  stm32f1xx_it.o(i.DebugMon_Handler)
    Get_Adc                                  0x08000335   Thumb Code    44  adc.o(i.Get_Adc)
    Get_Adc_Average                          0x08000365   Thumb Code    46  adc.o(i.Get_Adc_Average)
    HAL_ADCEx_Calibration_Start              0x08000395   Thumb Code   194  stm32f1xx_hal_adc_ex.o(i.HAL_ADCEx_Calibration_Start)
    HAL_ADC_ConfigChannel                    0x0800045d   Thumb Code   240  stm32f1xx_hal_adc.o(i.HAL_ADC_ConfigChannel)
    HAL_ADC_GetValue                         0x08000559   Thumb Code     6  stm32f1xx_hal_adc.o(i.HAL_ADC_GetValue)
    HAL_ADC_Init                             0x08000561   Thumb Code   272  stm32f1xx_hal_adc.o(i.HAL_ADC_Init)
    HAL_ADC_MspInit                          0x0800067d   Thumb Code    62  adc.o(i.HAL_ADC_MspInit)
    HAL_ADC_PollForConversion                0x080006c5   Thumb Code   290  stm32f1xx_hal_adc.o(i.HAL_ADC_PollForConversion)
    HAL_ADC_Start                            0x080007f5   Thumb Code   184  stm32f1xx_hal_adc.o(i.HAL_ADC_Start)
    HAL_DMA_Abort_IT                         0x080008b5   Thumb Code   148  stm32f1xx_hal_dma.o(i.HAL_DMA_Abort_IT)
    HAL_GPIO_Init                            0x0800094d   Thumb Code   408  stm32f1xx_hal_gpio.o(i.HAL_GPIO_Init)
    HAL_GPIO_ReadPin                         0x08000b09   Thumb Code    10  stm32f1xx_hal_gpio.o(i.HAL_GPIO_ReadPin)
    HAL_GPIO_TogglePin                       0x08000b13   Thumb Code     8  stm32f1xx_hal_gpio.o(i.HAL_GPIO_TogglePin)
    HAL_GPIO_WritePin                        0x08000b1b   Thumb Code    10  stm32f1xx_hal_gpio.o(i.HAL_GPIO_WritePin)
    HAL_GetTick                              0x08000b25   Thumb Code     6  stm32f1xx_hal.o(i.HAL_GetTick)
    HAL_IncTick                              0x08000b31   Thumb Code    10  stm32f1xx_hal.o(i.HAL_IncTick)
    HAL_Init                                 0x08000b41   Thumb Code    32  stm32f1xx_hal.o(i.HAL_Init)
    HAL_InitTick                             0x08000b65   Thumb Code    34  stm32f1xx_hal.o(i.HAL_InitTick)
    HAL_MspInit                              0x08000b8d   Thumb Code   122  stm32f1xx_hal_msp.o(i.HAL_MspInit)
    HAL_NVIC_EnableIRQ                       0x08000c11   Thumb Code    22  stm32f1xx_hal_cortex.o(i.HAL_NVIC_EnableIRQ)
    HAL_NVIC_SetPriority                     0x08000c29   Thumb Code    60  stm32f1xx_hal_cortex.o(i.HAL_NVIC_SetPriority)
    HAL_NVIC_SetPriorityGrouping             0x08000c69   Thumb Code    26  stm32f1xx_hal_cortex.o(i.HAL_NVIC_SetPriorityGrouping)
    HAL_NVIC_SystemReset                     0x08000c8d   Thumb Code    26  stm32f1xx_hal_cortex.o(i.HAL_NVIC_SystemReset)
    HAL_RCCEx_GetPeriphCLKFreq               0x08000cb1   Thumb Code   166  stm32f1xx_hal_rcc_ex.o(i.HAL_RCCEx_GetPeriphCLKFreq)
    HAL_RCCEx_PeriphCLKConfig                0x08000d79   Thumb Code   224  stm32f1xx_hal_rcc_ex.o(i.HAL_RCCEx_PeriphCLKConfig)
    HAL_RCC_ClockConfig                      0x08000e65   Thumb Code   322  stm32f1xx_hal_rcc.o(i.HAL_RCC_ClockConfig)
    HAL_RCC_GetHCLKFreq                      0x08000fb9   Thumb Code     6  stm32f1xx_hal_rcc.o(i.HAL_RCC_GetHCLKFreq)
    HAL_RCC_GetPCLK1Freq                     0x08000fc5   Thumb Code    20  stm32f1xx_hal_rcc.o(i.HAL_RCC_GetPCLK1Freq)
    HAL_RCC_GetPCLK2Freq                     0x08000fe5   Thumb Code    20  stm32f1xx_hal_rcc.o(i.HAL_RCC_GetPCLK2Freq)
    HAL_RCC_GetSysClockFreq                  0x08001005   Thumb Code    74  stm32f1xx_hal_rcc.o(i.HAL_RCC_GetSysClockFreq)
    HAL_RCC_OscConfig                        0x08001071   Thumb Code   750  stm32f1xx_hal_rcc.o(i.HAL_RCC_OscConfig)
    HAL_SYSTICK_CLKSourceConfig              0x08001375   Thumb Code    24  stm32f1xx_hal_cortex.o(i.HAL_SYSTICK_CLKSourceConfig)
    HAL_SYSTICK_Callback                     0x0800138d   Thumb Code     2  stm32f1xx_hal_cortex.o(i.HAL_SYSTICK_Callback)
    HAL_SYSTICK_Config                       0x0800138f   Thumb Code    40  stm32f1xx_hal_cortex.o(i.HAL_SYSTICK_Config)
    HAL_SYSTICK_IRQHandler                   0x080013b7   Thumb Code     8  stm32f1xx_hal_cortex.o(i.HAL_SYSTICK_IRQHandler)
    HAL_TIMEx_BreakCallback                  0x080013bf   Thumb Code     2  stm32f1xx_hal_tim_ex.o(i.HAL_TIMEx_BreakCallback)
    HAL_TIMEx_CommutationCallback            0x080013c1   Thumb Code     2  stm32f1xx_hal_tim_ex.o(i.HAL_TIMEx_CommutationCallback)
    HAL_TIMEx_MasterConfigSynchronization    0x080013c3   Thumb Code    80  stm32f1xx_hal_tim_ex.o(i.HAL_TIMEx_MasterConfigSynchronization)
    HAL_TIM_Base_Init                        0x08001413   Thumb Code    54  stm32f1xx_hal_tim.o(i.HAL_TIM_Base_Init)
    HAL_TIM_Base_MspInit                     0x08001449   Thumb Code    30  stm32f1xx_hal_msp.o(i.HAL_TIM_Base_MspInit)
    HAL_TIM_Base_Start_IT                    0x0800146d   Thumb Code    24  stm32f1xx_hal_tim.o(i.HAL_TIM_Base_Start_IT)
    HAL_TIM_ConfigClockSource                0x08001485   Thumb Code   242  stm32f1xx_hal_tim.o(i.HAL_TIM_ConfigClockSource)
    HAL_TIM_IC_CaptureCallback               0x08001577   Thumb Code     2  stm32f1xx_hal_tim.o(i.HAL_TIM_IC_CaptureCallback)
    HAL_TIM_IRQHandler                       0x08001579   Thumb Code   358  stm32f1xx_hal_tim.o(i.HAL_TIM_IRQHandler)
    HAL_TIM_MspPostInit                      0x080016e1   Thumb Code    48  stm32f1xx_hal_msp.o(i.HAL_TIM_MspPostInit)
    HAL_TIM_OC_DelayElapsedCallback          0x0800171d   Thumb Code     2  stm32f1xx_hal_tim.o(i.HAL_TIM_OC_DelayElapsedCallback)
    HAL_TIM_PWM_ConfigChannel                0x0800171f   Thumb Code   208  stm32f1xx_hal_tim.o(i.HAL_TIM_PWM_ConfigChannel)
    HAL_TIM_PWM_Init                         0x080017ef   Thumb Code    54  stm32f1xx_hal_tim.o(i.HAL_TIM_PWM_Init)
    HAL_TIM_PWM_MspInit                      0x08001825   Thumb Code    30  stm32f1xx_hal_msp.o(i.HAL_TIM_PWM_MspInit)
    HAL_TIM_PWM_PulseFinishedCallback        0x0800184d   Thumb Code     2  stm32f1xx_hal_tim.o(i.HAL_TIM_PWM_PulseFinishedCallback)
    HAL_TIM_PWM_Start                        0x08001851   Thumb Code    42  stm32f1xx_hal_tim.o(i.HAL_TIM_PWM_Start)
    HAL_TIM_PeriodElapsedCallback            0x08001881   Thumb Code    24  gizwits_product.o(i.HAL_TIM_PeriodElapsedCallback)
    HAL_TIM_TriggerCallback                  0x080018a1   Thumb Code     2  stm32f1xx_hal_tim.o(i.HAL_TIM_TriggerCallback)
    HAL_UART_ErrorCallback                   0x080018a3   Thumb Code     2  stm32f1xx_hal_uart.o(i.HAL_UART_ErrorCallback)
    HAL_UART_IRQHandler                      0x080018a5   Thumb Code   266  stm32f1xx_hal_uart.o(i.HAL_UART_IRQHandler)
    HAL_UART_Init                            0x080019b5   Thumb Code    98  stm32f1xx_hal_uart.o(i.HAL_UART_Init)
    HAL_UART_MspInit                         0x08001a19   Thumb Code   116  stm32f1xx_hal_msp.o(i.HAL_UART_MspInit)
    HAL_UART_Receive_IT                      0x08001a9d   Thumb Code    82  stm32f1xx_hal_uart.o(i.HAL_UART_Receive_IT)
    HAL_UART_RxCpltCallback                  0x08001af1   Thumb Code    34  gizwits_product.o(i.HAL_UART_RxCpltCallback)
    HAL_UART_Transmit                        0x08001b21   Thumb Code   186  stm32f1xx_hal_uart.o(i.HAL_UART_Transmit)
    HAL_UART_Transmit_IT                     0x08001bdb   Thumb Code    62  stm32f1xx_hal_uart.o(i.HAL_UART_Transmit_IT)
    HAL_UART_TxCpltCallback                  0x08001c19   Thumb Code     2  stm32f1xx_hal_uart.o(i.HAL_UART_TxCpltCallback)
    HardFault_Handler                        0x08001c1b   Thumb Code     2  stm32f1xx_it.o(i.HardFault_Handler)
    LED_GPIO_Init                            0x08001c1d   Thumb Code    74  hal_led.o(i.LED_GPIO_Init)
    LED_OFF                                  0x08001c71   Thumb Code    52  hal_led.o(i.LED_OFF)
    LED_ON                                   0x08001ca9   Thumb Code    48  hal_led.o(i.LED_ON)
    MY_ADC_Init                              0x08001e1d   Thumb Code    56  adc.o(i.MY_ADC_Init)
    MemManage_Handler                        0x08001e5d   Thumb Code     2  stm32f1xx_it.o(i.MemManage_Handler)
    NMI_Handler                              0x08001e5f   Thumb Code     2  stm32f1xx_it.o(i.NMI_Handler)
    PendSV_Handler                           0x08001e81   Thumb Code     2  stm32f1xx_it.o(i.PendSV_Handler)
    SVC_Handler                              0x08001e83   Thumb Code     2  stm32f1xx_it.o(i.SVC_Handler)
    SysTick_Handler                          0x08001e85   Thumb Code    14  stm32f1xx_it.o(i.SysTick_Handler)
    SystemClock_Config                       0x08001e93   Thumb Code   104  main.o(i.SystemClock_Config)
    SystemInit                               0x08001efd   Thumb Code    56  system_stm32f1xx.o(i.SystemInit)
    TIM2_IRQHandler                          0x08001f45   Thumb Code     6  stm32f1xx_it.o(i.TIM2_IRQHandler)
    TIM_Base_SetConfig                       0x08001f51   Thumb Code    94  stm32f1xx_hal_tim.o(i.TIM_Base_SetConfig)
    TIM_CCxChannelCmd                        0x08001fbd   Thumb Code    22  stm32f1xx_hal_tim.o(i.TIM_CCxChannelCmd)
    TIM_OC2_SetConfig                        0x08002049   Thumb Code    84  stm32f1xx_hal_tim.o(i.TIM_OC2_SetConfig)
    USART2_IRQHandler                        0x0800247d   Thumb Code     6  stm32f1xx_it.o(i.USART2_IRQHandler)
    UsageFault_Handler                       0x08002489   Thumb Code     2  stm32f1xx_it.o(i.UsageFault_Handler)
    __0printf$8                              0x0800248d   Thumb Code    22  printf8.o(i.__0printf$8)
    __1printf$8                              0x0800248d   Thumb Code     0  printf8.o(i.__0printf$8)
    __2printf                                0x0800248d   Thumb Code     0  printf8.o(i.__0printf$8)
    __scatterload_copy                       0x080024ad   Thumb Code    14  handlers.o(i.__scatterload_copy)
    __scatterload_null                       0x080024bb   Thumb Code     2  handlers.o(i.__scatterload_null)
    __scatterload_zeroinit                   0x080024bd   Thumb Code    14  handlers.o(i.__scatterload_zeroinit)
    clkProduce                               0x08002931   Thumb Code    44  hal_rgb_led.o(i.clkProduce)
    datSend                                  0x08002961   Thumb Code    50  hal_rgb_led.o(i.datSend)
    dataDealWithAndSend                      0x08002999   Thumb Code    56  hal_rgb_led.o(i.dataDealWithAndSend)
    delay_init                               0x080029d1   Thumb Code    38  delay.o(i.delay_init)
    delay_ms                                 0x080029fd   Thumb Code    36  delay.o(i.delay_ms)
    delay_us                                 0x08002a25   Thumb Code    36  delay.o(i.delay_us)
    dht11Init                                0x08002aa5   Thumb Code    22  hal_temp_hum.o(i.dht11Init)
    dht11Read                                0x08002ac1   Thumb Code   232  hal_temp_hum.o(i.dht11Read)
    exchangeBytes                            0x08002c49   Thumb Code    16  common.o(i.exchangeBytes)
    exchangeWord                             0x08002c59   Thumb Code     4  common.o(i.exchangeWord)
    fputc                                    0x08002c5d   Thumb Code    20  gizwits_product.o(i.fputc)
    getKey                                   0x08002c75   Thumb Code    84  hal_key.o(i.getKey)
    gizGetTimerCount                         0x08002f49   Thumb Code     6  gizwits_product.o(i.gizGetTimerCount)
    gizProtocolSum                           0x08003b95   Thumb Code    36  common.o(i.gizProtocolSum)
    gizPutData                               0x08003c61   Thumb Code    40  gizwits_protocol.o(i.gizPutData)
    gizTimerMs                               0x08003d91   Thumb Code    10  gizwits_product.o(i.gizTimerMs)
    gizX2Y                                   0x08003da1   Thumb Code     6  datapointtools.o(i.gizX2Y)
    gizY2X                                   0x08003da7   Thumb Code     8  datapointtools.o(i.gizY2X)
    gizwitsEventProcess                      0x08003db1   Thumb Code   152  gizwits_product.o(i.gizwitsEventProcess)
    gizwitsHandle                            0x08003eed   Thumb Code   560  gizwits_protocol.o(i.gizwitsHandle)
    gizwitsInit                              0x08004231   Thumb Code    46  gizwits_protocol.o(i.gizwitsInit)
    gizwitsSetMode                           0x08004291   Thumb Code   222  gizwits_protocol.o(i.gizwitsSetMode)
    infraredInit                             0x080043a9   Thumb Code    24  hal_infrared.o(i.infraredInit)
    key1LongPress                            0x080043c5   Thumb Code    18  main.o(i.key1LongPress)
    key1ShortPress                           0x080043f9   Thumb Code    18  main.o(i.key1ShortPress)
    key2LongPress                            0x0800442d   Thumb Code    30  main.o(i.key2LongPress)
    key2ShortPress                           0x0800446d   Thumb Code    30  main.o(i.key2ShortPress)
    keyHandle                                0x080044a9   Thumb Code   126  hal_key.o(i.keyHandle)
    keyInit                                  0x08004529   Thumb Code    88  main.o(i.keyInit)
    keyInitOne                               0x080045a1   Thumb Code    58  hal_key.o(i.keyInitOne)
    keyParaInit                              0x080045e1   Thumb Code    20  hal_key.o(i.keyParaInit)
    main                                     0x080045f9   Thumb Code   192  main.o(i.main)
    mcuRestart                               0x080046ed   Thumb Code    10  gizwits_product.o(i.mcuRestart)
    motorControl                             0x080046f9   Thumb Code    18  hal_motor.o(i.motorControl)
    motorInit                                0x08004711   Thumb Code    36  hal_motor.o(i.motorInit)
    motorStatus                              0x0800473d   Thumb Code    58  hal_motor.o(i.motorStatus)
    rbCanRead                                0x08004777   Thumb Code    50  ringbuffer.o(i.rbCanRead)
    rbCanWrite                               0x080047a9   Thumb Code    28  ringbuffer.o(i.rbCanWrite)
    rbCapacity                               0x080047c5   Thumb Code    12  ringbuffer.o(i.rbCapacity)
    rbCreate                                 0x080047d1   Thumb Code    18  ringbuffer.o(i.rbCreate)
    rbRead                                   0x080047e3   Thumb Code   126  ringbuffer.o(i.rbRead)
    rbWrite                                  0x08004861   Thumb Code   142  ringbuffer.o(i.rbWrite)
    readKeyValue                             0x080048f1   Thumb Code   130  hal_key.o(i.readKeyValue)
    rgbLedInit                               0x08004979   Thumb Code    80  hal_rgb_led.o(i.rgbLedInit)
    send32Zero                               0x080049cd   Thumb Code    30  hal_rgb_led.o(i.send32Zero)
    takeAntiCode                             0x080049f1   Thumb Code     8  hal_rgb_led.o(i.takeAntiCode)
    timerInit                                0x080049f9   Thumb Code     6  gizwits_product.o(i.timerInit)
    uartInit                                 0x08004a05   Thumb Code    10  gizwits_product.o(i.uartInit)
    uartWrite                                0x08004a19   Thumb Code   140  gizwits_product.o(i.uartWrite)
    userHandle                               0x08004ad1   Thumb Code    90  gizwits_product.o(i.userHandle)
    userInit                                 0x08004b55   Thumb Code    26  gizwits_product.o(i.userInit)
    AHBPrescTable                            0x08004b74   Data          16  system_stm32f1xx.o(.constdata)
    APBPrescTable                            0x08004b84   Data           8  system_stm32f1xx.o(.constdata)
    Region$$Table$$Base                      0x08004b8c   Number         0  anon$$obj.o(Region$$Table)
    Region$$Table$$Limit                     0x08004bac   Number         0  anon$$obj.o(Region$$Table)
    keys                                     0x20000000   Data           5  main.o(.data)
    aRxBuffer                                0x20000008   Data           1  gizwits_product.o(.data)
    keyCountTime                             0x20000028   Data           1  hal_key.o(.data)
    uwTick                                   0x20000034   Data           4  stm32f1xx_hal.o(.data)
    SystemCoreClock                          0x20000038   Data           4  system_stm32f1xx.o(.data)
    __stdout                                 0x2000003c   Data           4  stdout.o(.data)
    htim2                                    0x20000040   Data          64  main.o(.bss)
    htim3                                    0x20000080   Data          64  main.o(.bss)
    huart1                                   0x200000c0   Data          64  main.o(.bss)
    huart2                                   0x20000100   Data          64  main.o(.bss)
    singleKey                                0x20000140   Data          42  main.o(.bss)
    currentDataPoint                         0x2000016a   Data          16  gizwits_product.o(.bss)
    gizwitsProtocol                          0x2000017a   Data         290  gizwits_protocol.o(.bss)
    pRb                                      0x2000029c   Data          16  gizwits_protocol.o(.bss)
    temphumTypedef                           0x200002e0   Data          22  hal_temp_hum.o(.bss)
    ADC1_Handler                             0x200002f8   Data          48  adc.o(.bss)
    __initial_sp                             0x20002328   Data           0  startup_stm32f103xb.o(STACK)



==============================================================================

Memory Map of the image

  Image Entry point : 0x080000ed

  Load Region LR_IROM1 (Base: 0x08000000, Size: 0x00004bec, Max: 0x00010000, ABSOLUTE)

    Execution Region ER_IROM1 (Exec base: 0x08000000, Load base: 0x08000000, Size: 0x00004bac, Max: 0x00010000, ABSOLUTE)

    Exec Addr    Load Addr    Size         Type   Attr      Idx    E Section Name        Object

    0x08000000   0x08000000   0x000000ec   Data   RO         3547    RESET               startup_stm32f103xb.o
    0x080000ec   0x080000ec   0x00000000   Code   RO         3590  * .ARM.Collect$$$$00000000  mc_w.l(entry.o)
    0x080000ec   0x080000ec   0x00000004   Code   RO         3876    .ARM.Collect$$$$00000001  mc_w.l(entry2.o)
    0x080000f0   0x080000f0   0x00000004   Code   RO         3879    .ARM.Collect$$$$00000004  mc_w.l(entry5.o)
    0x080000f4   0x080000f4   0x00000000   Code   RO         3881    .ARM.Collect$$$$00000008  mc_w.l(entry7b.o)
    0x080000f4   0x080000f4   0x00000000   Code   RO         3883    .ARM.Collect$$$$0000000A  mc_w.l(entry8b.o)
    0x080000f4   0x080000f4   0x00000008   Code   RO         3884    .ARM.Collect$$$$0000000B  mc_w.l(entry9a.o)
    0x080000fc   0x080000fc   0x00000000   Code   RO         3886    .ARM.Collect$$$$0000000D  mc_w.l(entry10a.o)
    0x080000fc   0x080000fc   0x00000000   Code   RO         3888    .ARM.Collect$$$$0000000F  mc_w.l(entry11a.o)
    0x080000fc   0x080000fc   0x00000004   Code   RO         3877    .ARM.Collect$$$$00002712  mc_w.l(entry2.o)
    0x08000100   0x08000100   0x00000024   Code   RO         3548    .text               startup_stm32f103xb.o
    0x08000124   0x08000124   0x00000020   Code   RO         3593    .text               mc_w.l(llushr.o)
    0x08000144   0x08000144   0x00000024   Code   RO         3597    .text               mc_w.l(memcpya.o)
    0x08000168   0x08000168   0x00000024   Code   RO         3599    .text               mc_w.l(memseta.o)
    0x0800018c   0x0800018c   0x00000062   Code   RO         3893    .text               mc_w.l(uldiv.o)
    0x080001ee   0x080001ee   0x00000002   PAD
    0x080001f0   0x080001f0   0x00000024   Code   RO         3908    .text               mc_w.l(init.o)
    0x08000214   0x08000214   0x0000001e   Code   RO         3910    .text               mc_w.l(llshl.o)
    0x08000232   0x08000232   0x00000002   PAD
    0x08000234   0x08000234   0x0000004c   Code   RO         3272    i.ADC_ConversionStop_Disable  stm32f1xx_hal_adc.o
    0x08000280   0x08000280   0x00000070   Code   RO         3276    i.ADC_Enable        stm32f1xx_hal_adc.o
    0x080002f0   0x080002f0   0x00000002   Code   RO          285    i.BusFault_Handler  stm32f1xx_it.o
    0x080002f2   0x080002f2   0x00000002   PAD
    0x080002f4   0x080002f4   0x00000020   Code   RO          857    i.DHT11_IO_IN       hal_temp_hum.o
    0x08000314   0x08000314   0x0000001c   Code   RO          858    i.DHT11_IO_OUT      hal_temp_hum.o
    0x08000330   0x08000330   0x00000002   Code   RO          286    i.DebugMon_Handler  stm32f1xx_it.o
    0x08000332   0x08000332   0x00000002   PAD
    0x08000334   0x08000334   0x00000030   Code   RO          952    i.Get_Adc           adc.o
    0x08000364   0x08000364   0x0000002e   Code   RO          953    i.Get_Adc_Average   adc.o
    0x08000392   0x08000392   0x00000002   PAD
    0x08000394   0x08000394   0x000000c8   Code   RO         3452    i.HAL_ADCEx_Calibration_Start  stm32f1xx_hal_adc_ex.o
    0x0800045c   0x0800045c   0x000000fc   Code   RO         3278    i.HAL_ADC_ConfigChannel  stm32f1xx_hal_adc.o
    0x08000558   0x08000558   0x00000006   Code   RO         3285    i.HAL_ADC_GetValue  stm32f1xx_hal_adc.o
    0x0800055e   0x0800055e   0x00000002   PAD
    0x08000560   0x08000560   0x0000011c   Code   RO         3287    i.HAL_ADC_Init      stm32f1xx_hal_adc.o
    0x0800067c   0x0800067c   0x00000048   Code   RO          954    i.HAL_ADC_MspInit   adc.o
    0x080006c4   0x080006c4   0x00000130   Code   RO         3291    i.HAL_ADC_PollForConversion  stm32f1xx_hal_adc.o
    0x080007f4   0x080007f4   0x000000c0   Code   RO         3293    i.HAL_ADC_Start     stm32f1xx_hal_adc.o
    0x080008b4   0x080008b4   0x00000098   Code   RO         1703    i.HAL_DMA_Abort_IT  stm32f1xx_hal_dma.o
    0x0800094c   0x0800094c   0x000001bc   Code   RO         1553    i.HAL_GPIO_Init     stm32f1xx_hal_gpio.o
    0x08000b08   0x08000b08   0x0000000a   Code   RO         1555    i.HAL_GPIO_ReadPin  stm32f1xx_hal_gpio.o
    0x08000b12   0x08000b12   0x00000008   Code   RO         1556    i.HAL_GPIO_TogglePin  stm32f1xx_hal_gpio.o
    0x08000b1a   0x08000b1a   0x0000000a   Code   RO         1557    i.HAL_GPIO_WritePin  stm32f1xx_hal_gpio.o
    0x08000b24   0x08000b24   0x0000000c   Code   RO         1420    i.HAL_GetTick       stm32f1xx_hal.o
    0x08000b30   0x08000b30   0x00000010   Code   RO         1422    i.HAL_IncTick       stm32f1xx_hal.o
    0x08000b40   0x08000b40   0x00000024   Code   RO         1423    i.HAL_Init          stm32f1xx_hal.o
    0x08000b64   0x08000b64   0x00000028   Code   RO         1424    i.HAL_InitTick      stm32f1xx_hal.o
    0x08000b8c   0x08000b8c   0x00000084   Code   RO            4    i.HAL_MspInit       stm32f1xx_hal_msp.o
    0x08000c10   0x08000c10   0x00000016   Code   RO         2706    i.HAL_NVIC_EnableIRQ  stm32f1xx_hal_cortex.o
    0x08000c26   0x08000c26   0x00000002   PAD
    0x08000c28   0x08000c28   0x00000040   Code   RO         2712    i.HAL_NVIC_SetPriority  stm32f1xx_hal_cortex.o
    0x08000c68   0x08000c68   0x00000024   Code   RO         2713    i.HAL_NVIC_SetPriorityGrouping  stm32f1xx_hal_cortex.o
    0x08000c8c   0x08000c8c   0x00000024   Code   RO         2714    i.HAL_NVIC_SystemReset  stm32f1xx_hal_cortex.o
    0x08000cb0   0x08000cb0   0x000000c8   Code   RO         1797    i.HAL_RCCEx_GetPeriphCLKFreq  stm32f1xx_hal_rcc_ex.o
    0x08000d78   0x08000d78   0x000000ec   Code   RO         1798    i.HAL_RCCEx_PeriphCLKConfig  stm32f1xx_hal_rcc_ex.o
    0x08000e64   0x08000e64   0x00000154   Code   RO         1833    i.HAL_RCC_ClockConfig  stm32f1xx_hal_rcc.o
    0x08000fb8   0x08000fb8   0x0000000c   Code   RO         1838    i.HAL_RCC_GetHCLKFreq  stm32f1xx_hal_rcc.o
    0x08000fc4   0x08000fc4   0x00000020   Code   RO         1840    i.HAL_RCC_GetPCLK1Freq  stm32f1xx_hal_rcc.o
    0x08000fe4   0x08000fe4   0x00000020   Code   RO         1841    i.HAL_RCC_GetPCLK2Freq  stm32f1xx_hal_rcc.o
    0x08001004   0x08001004   0x0000006c   Code   RO         1842    i.HAL_RCC_GetSysClockFreq  stm32f1xx_hal_rcc.o
    0x08001070   0x08001070   0x00000304   Code   RO         1845    i.HAL_RCC_OscConfig  stm32f1xx_hal_rcc.o
    0x08001374   0x08001374   0x00000018   Code   RO         2715    i.HAL_SYSTICK_CLKSourceConfig  stm32f1xx_hal_cortex.o
    0x0800138c   0x0800138c   0x00000002   Code   RO         2716    i.HAL_SYSTICK_Callback  stm32f1xx_hal_cortex.o
    0x0800138e   0x0800138e   0x00000028   Code   RO         2717    i.HAL_SYSTICK_Config  stm32f1xx_hal_cortex.o
    0x080013b6   0x080013b6   0x00000008   Code   RO         2718    i.HAL_SYSTICK_IRQHandler  stm32f1xx_hal_cortex.o
    0x080013be   0x080013be   0x00000002   Code   RO         1176    i.HAL_TIMEx_BreakCallback  stm32f1xx_hal_tim_ex.o
    0x080013c0   0x080013c0   0x00000002   Code   RO         1177    i.HAL_TIMEx_CommutationCallback  stm32f1xx_hal_tim_ex.o
    0x080013c2   0x080013c2   0x00000050   Code   RO         1193    i.HAL_TIMEx_MasterConfigSynchronization  stm32f1xx_hal_tim_ex.o
    0x08001412   0x08001412   0x00000036   Code   RO         2075    i.HAL_TIM_Base_Init  stm32f1xx_hal_tim.o
    0x08001448   0x08001448   0x00000024   Code   RO            6    i.HAL_TIM_Base_MspInit  stm32f1xx_hal_msp.o
    0x0800146c   0x0800146c   0x00000018   Code   RO         2080    i.HAL_TIM_Base_Start_IT  stm32f1xx_hal_tim.o
    0x08001484   0x08001484   0x000000f2   Code   RO         2084    i.HAL_TIM_ConfigClockSource  stm32f1xx_hal_tim.o
    0x08001576   0x08001576   0x00000002   Code   RO         2104    i.HAL_TIM_IC_CaptureCallback  stm32f1xx_hal_tim.o
    0x08001578   0x08001578   0x00000166   Code   RO         2117    i.HAL_TIM_IRQHandler  stm32f1xx_hal_tim.o
    0x080016de   0x080016de   0x00000002   PAD
    0x080016e0   0x080016e0   0x0000003c   Code   RO            7    i.HAL_TIM_MspPostInit  stm32f1xx_hal_msp.o
    0x0800171c   0x0800171c   0x00000002   Code   RO         2120    i.HAL_TIM_OC_DelayElapsedCallback  stm32f1xx_hal_tim.o
    0x0800171e   0x0800171e   0x000000d0   Code   RO         2141    i.HAL_TIM_PWM_ConfigChannel  stm32f1xx_hal_tim.o
    0x080017ee   0x080017ee   0x00000036   Code   RO         2144    i.HAL_TIM_PWM_Init  stm32f1xx_hal_tim.o
    0x08001824   0x08001824   0x00000028   Code   RO            8    i.HAL_TIM_PWM_MspInit  stm32f1xx_hal_msp.o
    0x0800184c   0x0800184c   0x00000002   Code   RO         2147    i.HAL_TIM_PWM_PulseFinishedCallback  stm32f1xx_hal_tim.o
    0x0800184e   0x0800184e   0x00000002   PAD
    0x08001850   0x08001850   0x00000030   Code   RO         2148    i.HAL_TIM_PWM_Start  stm32f1xx_hal_tim.o
    0x08001880   0x08001880   0x00000020   Code   RO          373    i.HAL_TIM_PeriodElapsedCallback  gizwits_product.o
    0x080018a0   0x080018a0   0x00000002   Code   RO         2158    i.HAL_TIM_TriggerCallback  stm32f1xx_hal_tim.o
    0x080018a2   0x080018a2   0x00000002   Code   RO         2967    i.HAL_UART_ErrorCallback  stm32f1xx_hal_uart.o
    0x080018a4   0x080018a4   0x00000110   Code   RO         2970    i.HAL_UART_IRQHandler  stm32f1xx_hal_uart.o
    0x080019b4   0x080019b4   0x00000062   Code   RO         2971    i.HAL_UART_Init     stm32f1xx_hal_uart.o
    0x08001a16   0x08001a16   0x00000002   PAD
    0x08001a18   0x08001a18   0x00000084   Code   RO           10    i.HAL_UART_MspInit  stm32f1xx_hal_msp.o
    0x08001a9c   0x08001a9c   0x00000052   Code   RO         2976    i.HAL_UART_Receive_IT  stm32f1xx_hal_uart.o
    0x08001aee   0x08001aee   0x00000002   PAD
    0x08001af0   0x08001af0   0x00000030   Code   RO          374    i.HAL_UART_RxCpltCallback  gizwits_product.o
    0x08001b20   0x08001b20   0x000000ba   Code   RO         2979    i.HAL_UART_Transmit  stm32f1xx_hal_uart.o
    0x08001bda   0x08001bda   0x0000003e   Code   RO         2981    i.HAL_UART_Transmit_IT  stm32f1xx_hal_uart.o
    0x08001c18   0x08001c18   0x00000002   Code   RO         2982    i.HAL_UART_TxCpltCallback  stm32f1xx_hal_uart.o
    0x08001c1a   0x08001c1a   0x00000002   Code   RO          287    i.HardFault_Handler  stm32f1xx_it.o
    0x08001c1c   0x08001c1c   0x00000054   Code   RO          916    i.LED_GPIO_Init     hal_led.o
    0x08001c70   0x08001c70   0x00000038   Code   RO          917    i.LED_OFF           hal_led.o
    0x08001ca8   0x08001ca8   0x00000034   Code   RO          918    i.LED_ON            hal_led.o
    0x08001cdc   0x08001cdc   0x00000078   Code   RO          154    i.MX_GPIO_Init      main.o
    0x08001d54   0x08001d54   0x00000054   Code   RO          155    i.MX_TIM2_Init      main.o
    0x08001da8   0x08001da8   0x00000074   Code   RO          156    i.MX_TIM3_Init      main.o
    0x08001e1c   0x08001e1c   0x00000040   Code   RO          955    i.MY_ADC_Init       adc.o
    0x08001e5c   0x08001e5c   0x00000002   Code   RO          288    i.MemManage_Handler  stm32f1xx_it.o
    0x08001e5e   0x08001e5e   0x00000002   Code   RO          289    i.NMI_Handler       stm32f1xx_it.o
    0x08001e60   0x08001e60   0x00000020   Code   RO         2719    i.NVIC_SetPriority  stm32f1xx_hal_cortex.o
    0x08001e80   0x08001e80   0x00000002   Code   RO          290    i.PendSV_Handler    stm32f1xx_it.o
    0x08001e82   0x08001e82   0x00000002   Code   RO          291    i.SVC_Handler       stm32f1xx_it.o
    0x08001e84   0x08001e84   0x0000000e   Code   RO          292    i.SysTick_Handler   stm32f1xx_it.o
    0x08001e92   0x08001e92   0x00000068   Code   RO          157    i.SystemClock_Config  main.o
    0x08001efa   0x08001efa   0x00000002   PAD
    0x08001efc   0x08001efc   0x00000048   Code   RO         3556    i.SystemInit        system_stm32f1xx.o
    0x08001f44   0x08001f44   0x0000000c   Code   RO          293    i.TIM2_IRQHandler   stm32f1xx_it.o
    0x08001f50   0x08001f50   0x0000006c   Code   RO         2159    i.TIM_Base_SetConfig  stm32f1xx_hal_tim.o
    0x08001fbc   0x08001fbc   0x00000016   Code   RO         2160    i.TIM_CCxChannelCmd  stm32f1xx_hal_tim.o
    0x08001fd2   0x08001fd2   0x00000014   Code   RO         2166    i.TIM_ETR_SetConfig  stm32f1xx_hal_tim.o
    0x08001fe6   0x08001fe6   0x00000010   Code   RO         2167    i.TIM_ITRx_SetConfig  stm32f1xx_hal_tim.o
    0x08001ff6   0x08001ff6   0x00000002   PAD
    0x08001ff8   0x08001ff8   0x00000050   Code   RO         2168    i.TIM_OC1_SetConfig  stm32f1xx_hal_tim.o
    0x08002048   0x08002048   0x00000058   Code   RO         2169    i.TIM_OC2_SetConfig  stm32f1xx_hal_tim.o
    0x080020a0   0x080020a0   0x00000058   Code   RO         2170    i.TIM_OC3_SetConfig  stm32f1xx_hal_tim.o
    0x080020f8   0x080020f8   0x00000044   Code   RO         2171    i.TIM_OC4_SetConfig  stm32f1xx_hal_tim.o
    0x0800213c   0x0800213c   0x00000022   Code   RO         2173    i.TIM_TI1_ConfigInputStage  stm32f1xx_hal_tim.o
    0x0800215e   0x0800215e   0x00000024   Code   RO         2175    i.TIM_TI2_ConfigInputStage  stm32f1xx_hal_tim.o
    0x08002182   0x08002182   0x00000010   Code   RO         2984    i.UART_DMAAbortOnError  stm32f1xx_hal_uart.o
    0x08002192   0x08002192   0x0000001c   Code   RO         2994    i.UART_EndRxTransfer  stm32f1xx_hal_uart.o
    0x080021ae   0x080021ae   0x00000096   Code   RO         2996    i.UART_Receive_IT   stm32f1xx_hal_uart.o
    0x08002244   0x08002244   0x00000170   Code   RO         2997    i.UART_SetConfig    stm32f1xx_hal_uart.o
    0x080023b4   0x080023b4   0x00000062   Code   RO         2998    i.UART_Transmit_IT  stm32f1xx_hal_uart.o
    0x08002416   0x08002416   0x00000064   Code   RO         2999    i.UART_WaitOnFlagUntilTimeout  stm32f1xx_hal_uart.o
    0x0800247a   0x0800247a   0x00000002   PAD
    0x0800247c   0x0800247c   0x0000000c   Code   RO          294    i.USART2_IRQHandler  stm32f1xx_it.o
    0x08002488   0x08002488   0x00000002   Code   RO          295    i.UsageFault_Handler  stm32f1xx_it.o
    0x0800248a   0x0800248a   0x00000002   PAD
    0x0800248c   0x0800248c   0x00000020   Code   RO         3812    i.__0printf$8       mc_w.l(printf8.o)
    0x080024ac   0x080024ac   0x0000000e   Code   RO         3918    i.__scatterload_copy  mc_w.l(handlers.o)
    0x080024ba   0x080024ba   0x00000002   Code   RO         3919    i.__scatterload_null  mc_w.l(handlers.o)
    0x080024bc   0x080024bc   0x0000000e   Code   RO         3920    i.__scatterload_zeroinit  mc_w.l(handlers.o)
    0x080024ca   0x080024ca   0x00000002   PAD
    0x080024cc   0x080024cc   0x00000410   Code   RO         3819    i._printf_core      mc_w.l(printf8.o)
    0x080028dc   0x080028dc   0x00000024   Code   RO         3820    i._printf_post_padding  mc_w.l(printf8.o)
    0x08002900   0x08002900   0x0000002e   Code   RO         3821    i._printf_pre_padding  mc_w.l(printf8.o)
    0x0800292e   0x0800292e   0x00000002   PAD
    0x08002930   0x08002930   0x00000030   Code   RO          787    i.clkProduce        hal_rgb_led.o
    0x08002960   0x08002960   0x00000038   Code   RO          788    i.datSend           hal_rgb_led.o
    0x08002998   0x08002998   0x00000038   Code   RO          789    i.dataDealWithAndSend  hal_rgb_led.o
    0x080029d0   0x080029d0   0x0000002c   Code   RO          683    i.delay_init        delay.o
    0x080029fc   0x080029fc   0x00000028   Code   RO          684    i.delay_ms          delay.o
    0x08002a24   0x08002a24   0x00000028   Code   RO          685    i.delay_us          delay.o
    0x08002a4c   0x08002a4c   0x00000058   Code   RO          859    i.dht11Check        hal_temp_hum.o
    0x08002aa4   0x08002aa4   0x0000001c   Code   RO          860    i.dht11Init         hal_temp_hum.o
    0x08002ac0   0x08002ac0   0x000000ec   Code   RO          861    i.dht11Read         hal_temp_hum.o
    0x08002bac   0x08002bac   0x0000006c   Code   RO          862    i.dht11ReadByte     hal_temp_hum.o
    0x08002c18   0x08002c18   0x00000030   Code   RO          863    i.dht11Rst          hal_temp_hum.o
    0x08002c48   0x08002c48   0x00000010   Code   RO          996    i.exchangeBytes     common.o
    0x08002c58   0x08002c58   0x00000004   Code   RO          997    i.exchangeWord      common.o
    0x08002c5c   0x08002c5c   0x00000018   Code   RO          375    i.fputc             gizwits_product.o
    0x08002c74   0x08002c74   0x00000058   Code   RO          627    i.getKey            hal_key.o
    0x08002ccc   0x08002ccc   0x00000138   Code   RO          472    i.gizCheckReport    gizwits_protocol.o
    0x08002e04   0x08002e04   0x00000084   Code   RO          473    i.gizDataPoints2ReportData  gizwits_protocol.o
    0x08002e88   0x08002e88   0x000000c0   Code   RO          474    i.gizDevReportPolicy  gizwits_protocol.o
    0x08002f48   0x08002f48   0x0000000c   Code   RO          376    i.gizGetTimerCount  gizwits_product.o
    0x08002f54   0x08002f54   0x0000007c   Code   RO          475    i.gizProtocolAckHandle  gizwits_protocol.o
    0x08002fd0   0x08002fd0   0x00000098   Code   RO          476    i.gizProtocolCommonAck  gizwits_protocol.o
    0x08003068   0x08003068   0x000000a0   Code   RO          477    i.gizProtocolErrorCmd  gizwits_protocol.o
    0x08003108   0x08003108   0x00000178   Code   RO          478    i.gizProtocolGetDeviceInfo  gizwits_protocol.o
    0x08003280   0x08003280   0x00000160   Code   RO          479    i.gizProtocolGetOnePacket  gizwits_protocol.o
    0x080033e0   0x080033e0   0x0000004c   Code   RO          480    i.gizProtocolHeadInit  gizwits_protocol.o
    0x0800342c   0x0800342c   0x00000120   Code   RO          481    i.gizProtocolIssuedDataAck  gizwits_protocol.o
    0x0800354c   0x0800354c   0x00000150   Code   RO          482    i.gizProtocolIssuedProcess  gizwits_protocol.o
    0x0800369c   0x0800369c   0x00000414   Code   RO          483    i.gizProtocolModuleStatus  gizwits_protocol.o
    0x08003ab0   0x08003ab0   0x00000070   Code   RO          484    i.gizProtocolNTP    gizwits_protocol.o
    0x08003b20   0x08003b20   0x00000074   Code   RO          485    i.gizProtocolResendData  gizwits_protocol.o
    0x08003b94   0x08003b94   0x00000024   Code   RO          998    i.gizProtocolSum    common.o
    0x08003bb8   0x08003bb8   0x00000060   Code   RO          486    i.gizProtocolWaitAck  gizwits_protocol.o
    0x08003c18   0x08003c18   0x00000048   Code   RO          487    i.gizProtocolWaitAckCheck  gizwits_protocol.o
    0x08003c60   0x08003c60   0x00000068   Code   RO          488    i.gizPutData        gizwits_protocol.o
    0x08003cc8   0x08003cc8   0x000000c8   Code   RO          489    i.gizReportData     gizwits_protocol.o
    0x08003d90   0x08003d90   0x00000010   Code   RO          377    i.gizTimerMs        gizwits_product.o
    0x08003da0   0x08003da0   0x00000006   Code   RO         1066    i.gizX2Y            datapointtools.o
    0x08003da6   0x08003da6   0x00000008   Code   RO         1068    i.gizY2X            datapointtools.o
    0x08003dae   0x08003dae   0x00000002   PAD
    0x08003db0   0x08003db0   0x0000013c   Code   RO          378    i.gizwitsEventProcess  gizwits_product.o
    0x08003eec   0x08003eec   0x00000344   Code   RO          492    i.gizwitsHandle     gizwits_protocol.o
    0x08004230   0x08004230   0x00000060   Code   RO          493    i.gizwitsInit       gizwits_protocol.o
    0x08004290   0x08004290   0x00000118   Code   RO          495    i.gizwitsSetMode    gizwits_protocol.o
    0x080043a8   0x080043a8   0x0000001c   Code   RO          722    i.infraredInit      hal_infrared.o
    0x080043c4   0x080043c4   0x00000034   Code   RO          159    i.key1LongPress     main.o
    0x080043f8   0x080043f8   0x00000034   Code   RO          160    i.key1ShortPress    main.o
    0x0800442c   0x0800442c   0x00000040   Code   RO          161    i.key2LongPress     main.o
    0x0800446c   0x0800446c   0x0000003c   Code   RO          162    i.key2ShortPress    main.o
    0x080044a8   0x080044a8   0x0000007e   Code   RO          628    i.keyHandle         hal_key.o
    0x08004526   0x08004526   0x00000002   PAD
    0x08004528   0x08004528   0x00000078   Code   RO          163    i.keyInit           main.o
    0x080045a0   0x080045a0   0x00000040   Code   RO          629    i.keyInitOne        hal_key.o
    0x080045e0   0x080045e0   0x00000018   Code   RO          630    i.keyParaInit       hal_key.o
    0x080045f8   0x080045f8   0x000000f4   Code   RO          164    i.main              main.o
    0x080046ec   0x080046ec   0x0000000a   Code   RO          379    i.mcuRestart        gizwits_product.o
    0x080046f6   0x080046f6   0x00000002   PAD
    0x080046f8   0x080046f8   0x00000018   Code   RO          751    i.motorControl      hal_motor.o
    0x08004710   0x08004710   0x0000002c   Code   RO          752    i.motorInit         hal_motor.o
    0x0800473c   0x0800473c   0x0000003a   Code   RO          753    i.motorStatus       hal_motor.o
    0x08004776   0x08004776   0x00000032   Code   RO         1126    i.rbCanRead         ringbuffer.o
    0x080047a8   0x080047a8   0x0000001c   Code   RO         1127    i.rbCanWrite        ringbuffer.o
    0x080047c4   0x080047c4   0x0000000c   Code   RO         1128    i.rbCapacity        ringbuffer.o
    0x080047d0   0x080047d0   0x00000012   Code   RO         1129    i.rbCreate          ringbuffer.o
    0x080047e2   0x080047e2   0x0000007e   Code   RO         1131    i.rbRead            ringbuffer.o
    0x08004860   0x08004860   0x0000008e   Code   RO         1132    i.rbWrite           ringbuffer.o
    0x080048ee   0x080048ee   0x00000002   PAD
    0x080048f0   0x080048f0   0x00000088   Code   RO          631    i.readKeyValue      hal_key.o
    0x08004978   0x08004978   0x00000054   Code   RO          793    i.rgbLedInit        hal_rgb_led.o
    0x080049cc   0x080049cc   0x00000024   Code   RO          794    i.send32Zero        hal_rgb_led.o
    0x080049f0   0x080049f0   0x00000008   Code   RO          795    i.takeAntiCode      hal_rgb_led.o
    0x080049f8   0x080049f8   0x0000000c   Code   RO          380    i.timerInit         gizwits_product.o
    0x08004a04   0x08004a04   0x00000014   Code   RO          381    i.uartInit          gizwits_product.o
    0x08004a18   0x08004a18   0x000000b8   Code   RO          382    i.uartWrite         gizwits_product.o
    0x08004ad0   0x08004ad0   0x00000084   Code   RO          383    i.userHandle        gizwits_product.o
    0x08004b54   0x08004b54   0x00000020   Code   RO          384    i.userInit          gizwits_product.o
    0x08004b74   0x08004b74   0x00000010   Data   RO         3557    .constdata          system_stm32f1xx.o
    0x08004b84   0x08004b84   0x00000008   Data   RO         3558    .constdata          system_stm32f1xx.o
    0x08004b8c   0x08004b8c   0x00000020   Data   RO         3916    Region$$Table       anon$$obj.o


    Execution Region RW_IRAM1 (Exec base: 0x20000000, Load base: 0x08004bac, Size: 0x00002328, Max: 0x00005000, ABSOLUTE)

    Exec Addr    Load Addr    Size         Type   Attr      Idx    E Section Name        Object

    0x20000000   0x08004bac   0x00000005   Data   RW          166    .data               main.o
    0x20000005   0x08004bb1   0x00000003   PAD
    0x20000008   0x08004bb4   0x0000000c   Data   RW          386    .data               gizwits_product.o
    0x20000014   0x08004bc0   0x00000010   Data   RW          497    .data               gizwits_protocol.o
    0x20000024   0x08004bd0   0x0000000a   Data   RW          632    .data               hal_key.o
    0x2000002e   0x08004bda   0x00000004   Data   RW          686    .data               delay.o
    0x20000032   0x08004bde   0x00000002   PAD
    0x20000034   0x08004be0   0x00000004   Data   RW         1429    .data               stm32f1xx_hal.o
    0x20000038   0x08004be4   0x00000004   Data   RW         3559    .data               system_stm32f1xx.o
    0x2000003c   0x08004be8   0x00000004   Data   RW         3890    .data               mc_w.l(stdout.o)
    0x20000040        -       0x0000012a   Zero   RW          165    .bss                main.o
    0x2000016a        -       0x00000010   Zero   RW          385    .bss                gizwits_product.o
    0x2000017a        -       0x00000166   Zero   RW          496    .bss                gizwits_protocol.o
    0x200002e0        -       0x00000016   Zero   RW          864    .bss                hal_temp_hum.o
    0x200002f6   0x08004bec   0x00000002   PAD
    0x200002f8        -       0x00000030   Zero   RW          956    .bss                adc.o
    0x20000328        -       0x00002000   Zero   RW         3545    STACK               startup_stm32f103xb.o


==============================================================================

Image component sizes


      Code (inc. data)   RO Data    RW Data    ZI Data      Debug   Object Name

       230         22          0          0         48       2559   adc.o
        56          0          0          0          0       1896   common.o
        14          0          0          0          0        962   datapointtools.o
       124         14          0          4          0       1451   delay.o
       838        328          0         12         16       9556   gizwits_product.o
      5456       2098          0         16        358      15574   gizwits_protocol.o
        28          4          0          0          0        463   hal_infrared.o
       438         20          0         10          0       3505   hal_key.o
       192         18          0          0          0       1679   hal_led.o
       126         14          0          0          0       1687   hal_motor.o
       288         20          0          0          0       3190   hal_rgb_led.o
       568         32          0          0         22       4648   hal_temp_hum.o
      1016        246          0          5        298      16604   main.o
       376          0          0          0          0       3646   ringbuffer.o
        36          8        236          0       8192        752   startup_stm32f103xb.o
       104         22          0          4          0       2951   stm32f1xx_hal.o
      1226         54          0          0          0       5704   stm32f1xx_hal_adc.o
       200          6          0          0          0       1330   stm32f1xx_hal_adc_ex.o
       264         24          0          0          0      27432   stm32f1xx_hal_cortex.o
       152          4          0          0          0        999   stm32f1xx_hal_dma.o
       472         36          0          0          0       3568   stm32f1xx_hal_gpio.o
       400         54          0          0          0     455168   stm32f1xx_hal_msp.o
      1296        104          0          0          0       5304   stm32f1xx_hal_rcc.o
       436         46          0          0          0       2329   stm32f1xx_hal_rcc_ex.o
      1556         40          0          0          0      13570   stm32f1xx_hal_tim.o
        84          0          0          0          0       2210   stm32f1xx_hal_tim_ex.o
      1464         10          0          0          0       8862   stm32f1xx_hal_uart.o
        54         12          0          0          0       4492   stm32f1xx_it.o
        72         16         24          4          0       1103   system_stm32f1xx.o

    ----------------------------------------------------------------------
     17600       3252        292         60       8936     603194   Object Totals
         0          0         32          0          0          0   (incl. Generated)
        34          0          0          5          2          0   (incl. Padding)

    ----------------------------------------------------------------------

      Code (inc. data)   RO Data    RW Data    ZI Data      Debug   Library Member Name

         0          0          0          0          0          0   entry.o
         0          0          0          0          0          0   entry10a.o
         0          0          0          0          0          0   entry11a.o
         8          4          0          0          0          0   entry2.o
         4          0          0          0          0          0   entry5.o
         0          0          0          0          0          0   entry7b.o
         0          0          0          0          0          0   entry8b.o
         8          4          0          0          0          0   entry9a.o
        30          0          0          0          0          0   handlers.o
        36          8          0          0          0         68   init.o
        30          0          0          0          0         68   llshl.o
        32          0          0          0          0         68   llushr.o
        36          0          0          0          0         68   memcpya.o
        36          0          0          0          0        108   memseta.o
      1154         54          0          0          0        352   printf8.o
         0          0          0          4          0          0   stdout.o
        98          0          0          0          0         92   uldiv.o

    ----------------------------------------------------------------------
      1480         70          0          4          0        824   Library Totals
         8          0          0          0          0          0   (incl. Padding)

    ----------------------------------------------------------------------

      Code (inc. data)   RO Data    RW Data    ZI Data      Debug   Library Name

      1472         70          0          4          0        824   mc_w.l

    ----------------------------------------------------------------------
      1480         70          0          4          0        824   Library Totals

    ----------------------------------------------------------------------

==============================================================================


      Code (inc. data)   RO Data    RW Data    ZI Data      Debug   

     19080       3322        292         64       8936     595070   Grand Totals
     19080       3322        292         64       8936     595070   ELF Image Totals
     19080       3322        292         64          0          0   ROM Totals

==============================================================================

    Total RO  Size (Code + RO Data)                19372 (  18.92kB)
    Total RW  Size (RW Data + ZI Data)              9000 (   8.79kB)
    Total ROM Size (Code + RO Data + RW Data)      19436 (  18.98kB)

==============================================================================

